UartRingbuffer.c:37:6:Ringbuf_init	4	static
UartRingbuffer.c:49:6:store_char	24	static
UartRingbuffer.c:63:5:Look_for	32	static
UartRingbuffer.c:91:5:Uart_read	16	static
UartRingbuffer.c:106:6:Uart_write	24	static
UartRingbuffer.c:124:5:IsDataAvailable	4	static
UartRingbuffer.c:129:6:Uart_sendstring	16	static
UartRingbuffer.c:134:6:Uart_printbase	64	static
UartRingbuffer.c:154:6:GetDataFromBuffer	56	static
UartRingbuffer.c:211:6:Uart_flush	8	static
UartRingbuffer.c:217:5:Uart_peek	4	static
UartRingbuffer.c:230:5:Copy_upto	40	static
UartRingbuffer.c:264:5:Get_after	40	static
UartRingbuffer.c:277:5:Wait_for	24	static
UartRingbuffer.c:306:6:Uart_isr	32	static
