Archive member included to satisfy reference by file (symbol)

c:/program files (x86)/atollic/truestudio for stm32 9.3.0/armtools/bin/../lib/gcc/arm-atollic-eabi/6.3.1/../../../../arm-atollic-eabi/lib/armv7e-m/fpu\libc_nano.a(lib_a-errno.o)
                              Core\Src\syscalls.o (__errno)
c:/program files (x86)/atollic/truestudio for stm32 9.3.0/armtools/bin/../lib/gcc/arm-atollic-eabi/6.3.1/../../../../arm-atollic-eabi/lib/armv7e-m/fpu\libc_nano.a(lib_a-impure.o)
                              c:/program files (x86)/atollic/truestudio for stm32 9.3.0/armtools/bin/../lib/gcc/arm-atollic-eabi/6.3.1/../../../../arm-atollic-eabi/lib/armv7e-m/fpu\libc_nano.a(lib_a-errno.o) (_impure_ptr)
c:/program files (x86)/atollic/truestudio for stm32 9.3.0/armtools/bin/../lib/gcc/arm-atollic-eabi/6.3.1/../../../../arm-atollic-eabi/lib/armv7e-m/fpu\libc_nano.a(lib_a-init.o)
                              startup\startup_stm32f407xx.o (__libc_init_array)
c:/program files (x86)/atollic/truestudio for stm32 9.3.0/armtools/bin/../lib/gcc/arm-atollic-eabi/6.3.1/../../../../arm-atollic-eabi/lib/armv7e-m/fpu\libc_nano.a(lib_a-memset.o)
                              Core\Src\main.o (memset)
c:/program files (x86)/atollic/truestudio for stm32 9.3.0/armtools/bin/../lib/gcc/arm-atollic-eabi/6.3.1/armv7e-m/fpu\libgcc.a(_aeabi_uldivmod.o)
                              Drivers\STM32F4xx_HAL_Driver\Src\stm32f4xx_hal_rcc.o (__aeabi_uldivmod)
c:/program files (x86)/atollic/truestudio for stm32 9.3.0/armtools/bin/../lib/gcc/arm-atollic-eabi/6.3.1/armv7e-m/fpu\libgcc.a(_udivmoddi4.o)
                              c:/program files (x86)/atollic/truestudio for stm32 9.3.0/armtools/bin/../lib/gcc/arm-atollic-eabi/6.3.1/armv7e-m/fpu\libgcc.a(_aeabi_uldivmod.o) (__udivmoddi4)
c:/program files (x86)/atollic/truestudio for stm32 9.3.0/armtools/bin/../lib/gcc/arm-atollic-eabi/6.3.1/armv7e-m/fpu\libgcc.a(_dvmd_tls.o)
                              c:/program files (x86)/atollic/truestudio for stm32 9.3.0/armtools/bin/../lib/gcc/arm-atollic-eabi/6.3.1/armv7e-m/fpu\libgcc.a(_aeabi_uldivmod.o) (__aeabi_ldiv0)

Allocating common symbols
Common symbol       size              file

hi2c2               0x54              Core\Src\main.o
uwTick              0x4               Drivers\STM32F4xx_HAL_Driver\Src\stm32f4xx_hal.o
pFlash              0x20              Drivers\STM32F4xx_HAL_Driver\Src\stm32f4xx_hal_flash.o

Discarded input sections

 .text          0x00000000        0x0 c:/program files (x86)/atollic/truestudio for stm32 9.3.0/armtools/bin/../lib/gcc/arm-atollic-eabi/6.3.1/armv7e-m/fpu/crti.o
 .data          0x00000000        0x0 c:/program files (x86)/atollic/truestudio for stm32 9.3.0/armtools/bin/../lib/gcc/arm-atollic-eabi/6.3.1/armv7e-m/fpu/crti.o
 .bss           0x00000000        0x0 c:/program files (x86)/atollic/truestudio for stm32 9.3.0/armtools/bin/../lib/gcc/arm-atollic-eabi/6.3.1/armv7e-m/fpu/crti.o
 .data          0x00000000        0x4 c:/program files (x86)/atollic/truestudio for stm32 9.3.0/armtools/bin/../lib/gcc/arm-atollic-eabi/6.3.1/armv7e-m/fpu/crtbegin.o
 .text          0x00000000        0x0 Core\Src\i2c-lcd.o
 .data          0x00000000        0x0 Core\Src\i2c-lcd.o
 .bss           0x00000000        0x0 Core\Src\i2c-lcd.o
 .data.myDeviceAddress
                0x00000000        0x1 Core\Src\i2c-lcd.o
 .data.karakter_
                0x00000000       0x40 Core\Src\i2c-lcd.o
 .text          0x00000000        0x0 Core\Src\main.o
 .data          0x00000000        0x0 Core\Src\main.o
 .bss           0x00000000        0x0 Core\Src\main.o
 .text.findSlaveDeviceAddress
                0x00000000        0xe Core\Src\main.o
 .text          0x00000000        0x0 Core\Src\stm32f4xx_hal_msp.o
 .data          0x00000000        0x0 Core\Src\stm32f4xx_hal_msp.o
 .bss           0x00000000        0x0 Core\Src\stm32f4xx_hal_msp.o
 .text.HAL_I2C_MspDeInit
                0x00000000       0x48 Core\Src\stm32f4xx_hal_msp.o
 .text          0x00000000        0x0 Core\Src\stm32f4xx_it.o
 .data          0x00000000        0x0 Core\Src\stm32f4xx_it.o
 .bss           0x00000000        0x0 Core\Src\stm32f4xx_it.o
 .text          0x00000000        0x0 Core\Src\syscalls.o
 .data          0x00000000        0x0 Core\Src\syscalls.o
 .bss           0x00000000        0x0 Core\Src\syscalls.o
 .bss.__env     0x00000000        0x4 Core\Src\syscalls.o
 .data.environ  0x00000000        0x4 Core\Src\syscalls.o
 .text.initialise_monitor_handles
                0x00000000        0xe Core\Src\syscalls.o
 .text._getpid  0x00000000       0x10 Core\Src\syscalls.o
 .text._kill    0x00000000       0x20 Core\Src\syscalls.o
 .text._exit    0x00000000       0x14 Core\Src\syscalls.o
 .text._read    0x00000000       0x3a Core\Src\syscalls.o
 .text._write   0x00000000       0x38 Core\Src\syscalls.o
 .bss.heap_end.7010
                0x00000000        0x4 Core\Src\syscalls.o
 .text._sbrk    0x00000000       0x58 Core\Src\syscalls.o
 .text._close   0x00000000       0x18 Core\Src\syscalls.o
 .text._fstat   0x00000000       0x20 Core\Src\syscalls.o
 .text._isatty  0x00000000       0x16 Core\Src\syscalls.o
 .text._lseek   0x00000000       0x1a Core\Src\syscalls.o
 .text._open    0x00000000       0x1c Core\Src\syscalls.o
 .text._wait    0x00000000       0x1e Core\Src\syscalls.o
 .text._unlink  0x00000000       0x1e Core\Src\syscalls.o
 .text._times   0x00000000       0x18 Core\Src\syscalls.o
 .text._stat    0x00000000       0x20 Core\Src\syscalls.o
 .text._link    0x00000000       0x20 Core\Src\syscalls.o
 .text._fork    0x00000000       0x16 Core\Src\syscalls.o
 .text._execve  0x00000000       0x22 Core\Src\syscalls.o
 .debug_info    0x00000000      0xf16 Core\Src\syscalls.o
 .debug_abbrev  0x00000000      0x271 Core\Src\syscalls.o
 .debug_aranges
                0x00000000       0xb0 Core\Src\syscalls.o
 .debug_ranges  0x00000000       0xa0 Core\Src\syscalls.o
 .debug_line    0x00000000      0x3dd Core\Src\syscalls.o
 .debug_str     0x00000000      0x849 Core\Src\syscalls.o
 .comment       0x00000000       0x7d Core\Src\syscalls.o
 .debug_frame   0x00000000      0x2d4 Core\Src\syscalls.o
 .ARM.attributes
                0x00000000       0x39 Core\Src\syscalls.o
 .text          0x00000000        0x0 Core\Src\system_stm32f4xx.o
 .data          0x00000000        0x0 Core\Src\system_stm32f4xx.o
 .bss           0x00000000        0x0 Core\Src\system_stm32f4xx.o
 .text.SystemCoreClockUpdate
                0x00000000       0xf4 Core\Src\system_stm32f4xx.o
 .text          0x00000000        0x0 Drivers\STM32F4xx_HAL_Driver\Src\stm32f4xx_hal.o
 .data          0x00000000        0x0 Drivers\STM32F4xx_HAL_Driver\Src\stm32f4xx_hal.o
 .bss           0x00000000        0x0 Drivers\STM32F4xx_HAL_Driver\Src\stm32f4xx_hal.o
 .text.HAL_DeInit
                0x00000000       0x58 Drivers\STM32F4xx_HAL_Driver\Src\stm32f4xx_hal.o
 .text.HAL_MspInit
                0x00000000        0xe Drivers\STM32F4xx_HAL_Driver\Src\stm32f4xx_hal.o
 .text.HAL_MspDeInit
                0x00000000        0xe Drivers\STM32F4xx_HAL_Driver\Src\stm32f4xx_hal.o
 .text.HAL_GetTickPrio
                0x00000000       0x18 Drivers\STM32F4xx_HAL_Driver\Src\stm32f4xx_hal.o
 .text.HAL_SetTickFreq
                0x00000000       0x50 Drivers\STM32F4xx_HAL_Driver\Src\stm32f4xx_hal.o
 .text.HAL_GetTickFreq
                0x00000000       0x18 Drivers\STM32F4xx_HAL_Driver\Src\stm32f4xx_hal.o
 .text.HAL_Delay
                0x00000000       0x44 Drivers\STM32F4xx_HAL_Driver\Src\stm32f4xx_hal.o
 .text.HAL_SuspendTick
                0x00000000       0x20 Drivers\STM32F4xx_HAL_Driver\Src\stm32f4xx_hal.o
 .text.HAL_ResumeTick
                0x00000000       0x20 Drivers\STM32F4xx_HAL_Driver\Src\stm32f4xx_hal.o
 .text.HAL_GetHalVersion
                0x00000000       0x14 Drivers\STM32F4xx_HAL_Driver\Src\stm32f4xx_hal.o
 .text.HAL_GetREVID
                0x00000000       0x18 Drivers\STM32F4xx_HAL_Driver\Src\stm32f4xx_hal.o
 .text.HAL_GetDEVID
                0x00000000       0x1c Drivers\STM32F4xx_HAL_Driver\Src\stm32f4xx_hal.o
 .text.HAL_DBGMCU_EnableDBGSleepMode
                0x00000000       0x20 Drivers\STM32F4xx_HAL_Driver\Src\stm32f4xx_hal.o
 .text.HAL_DBGMCU_DisableDBGSleepMode
                0x00000000       0x20 Drivers\STM32F4xx_HAL_Driver\Src\stm32f4xx_hal.o
 .text.HAL_DBGMCU_EnableDBGStopMode
                0x00000000       0x20 Drivers\STM32F4xx_HAL_Driver\Src\stm32f4xx_hal.o
 .text.HAL_DBGMCU_DisableDBGStopMode
                0x00000000       0x20 Drivers\STM32F4xx_HAL_Driver\Src\stm32f4xx_hal.o
 .text.HAL_DBGMCU_EnableDBGStandbyMode
                0x00000000       0x20 Drivers\STM32F4xx_HAL_Driver\Src\stm32f4xx_hal.o
 .text.HAL_DBGMCU_DisableDBGStandbyMode
                0x00000000       0x20 Drivers\STM32F4xx_HAL_Driver\Src\stm32f4xx_hal.o
 .text.HAL_EnableCompensationCell
                0x00000000       0x18 Drivers\STM32F4xx_HAL_Driver\Src\stm32f4xx_hal.o
 .text.HAL_DisableCompensationCell
                0x00000000       0x18 Drivers\STM32F4xx_HAL_Driver\Src\stm32f4xx_hal.o
 .text.HAL_GetUIDw0
                0x00000000       0x18 Drivers\STM32F4xx_HAL_Driver\Src\stm32f4xx_hal.o
 .text.HAL_GetUIDw1
                0x00000000       0x18 Drivers\STM32F4xx_HAL_Driver\Src\stm32f4xx_hal.o
 .text.HAL_GetUIDw2
                0x00000000       0x18 Drivers\STM32F4xx_HAL_Driver\Src\stm32f4xx_hal.o
 .text          0x00000000        0x0 Drivers\STM32F4xx_HAL_Driver\Src\stm32f4xx_hal_cortex.o
 .data          0x00000000        0x0 Drivers\STM32F4xx_HAL_Driver\Src\stm32f4xx_hal_cortex.o
 .bss           0x00000000        0x0 Drivers\STM32F4xx_HAL_Driver\Src\stm32f4xx_hal_cortex.o
 .text.__NVIC_EnableIRQ
                0x00000000       0x3c Drivers\STM32F4xx_HAL_Driver\Src\stm32f4xx_hal_cortex.o
 .text.__NVIC_DisableIRQ
                0x00000000       0x44 Drivers\STM32F4xx_HAL_Driver\Src\stm32f4xx_hal_cortex.o
 .text.__NVIC_GetPendingIRQ
                0x00000000       0x44 Drivers\STM32F4xx_HAL_Driver\Src\stm32f4xx_hal_cortex.o
 .text.__NVIC_SetPendingIRQ
                0x00000000       0x3c Drivers\STM32F4xx_HAL_Driver\Src\stm32f4xx_hal_cortex.o
 .text.__NVIC_ClearPendingIRQ
                0x00000000       0x3c Drivers\STM32F4xx_HAL_Driver\Src\stm32f4xx_hal_cortex.o
 .text.__NVIC_GetActive
                0x00000000       0x44 Drivers\STM32F4xx_HAL_Driver\Src\stm32f4xx_hal_cortex.o
 .text.__NVIC_GetPriority
                0x00000000       0x50 Drivers\STM32F4xx_HAL_Driver\Src\stm32f4xx_hal_cortex.o
 .text.NVIC_DecodePriority
                0x00000000       0x6a Drivers\STM32F4xx_HAL_Driver\Src\stm32f4xx_hal_cortex.o
 .text.__NVIC_SystemReset
                0x00000000       0x28 Drivers\STM32F4xx_HAL_Driver\Src\stm32f4xx_hal_cortex.o
 .text.HAL_NVIC_EnableIRQ
                0x00000000       0x1c Drivers\STM32F4xx_HAL_Driver\Src\stm32f4xx_hal_cortex.o
 .text.HAL_NVIC_DisableIRQ
                0x00000000       0x1c Drivers\STM32F4xx_HAL_Driver\Src\stm32f4xx_hal_cortex.o
 .text.HAL_NVIC_SystemReset
                0x00000000        0x8 Drivers\STM32F4xx_HAL_Driver\Src\stm32f4xx_hal_cortex.o
 .text.HAL_MPU_Disable
                0x00000000       0x2c Drivers\STM32F4xx_HAL_Driver\Src\stm32f4xx_hal_cortex.o
 .text.HAL_MPU_Enable
                0x00000000       0x3c Drivers\STM32F4xx_HAL_Driver\Src\stm32f4xx_hal_cortex.o
 .text.HAL_MPU_ConfigRegion
                0x00000000       0x88 Drivers\STM32F4xx_HAL_Driver\Src\stm32f4xx_hal_cortex.o
 .text.HAL_NVIC_GetPriorityGrouping
                0x00000000        0xe Drivers\STM32F4xx_HAL_Driver\Src\stm32f4xx_hal_cortex.o
 .text.HAL_NVIC_GetPriority
                0x00000000       0x2c Drivers\STM32F4xx_HAL_Driver\Src\stm32f4xx_hal_cortex.o
 .text.HAL_NVIC_SetPendingIRQ
                0x00000000       0x1c Drivers\STM32F4xx_HAL_Driver\Src\stm32f4xx_hal_cortex.o
 .text.HAL_NVIC_GetPendingIRQ
                0x00000000       0x1e Drivers\STM32F4xx_HAL_Driver\Src\stm32f4xx_hal_cortex.o
 .text.HAL_NVIC_ClearPendingIRQ
                0x00000000       0x1c Drivers\STM32F4xx_HAL_Driver\Src\stm32f4xx_hal_cortex.o
 .text.HAL_NVIC_GetActive
                0x00000000       0x1e Drivers\STM32F4xx_HAL_Driver\Src\stm32f4xx_hal_cortex.o
 .text.HAL_SYSTICK_CLKSourceConfig
                0x00000000       0x38 Drivers\STM32F4xx_HAL_Driver\Src\stm32f4xx_hal_cortex.o
 .text.HAL_SYSTICK_IRQHandler
                0x00000000        0xc Drivers\STM32F4xx_HAL_Driver\Src\stm32f4xx_hal_cortex.o
 .text.HAL_SYSTICK_Callback
                0x00000000        0xe Drivers\STM32F4xx_HAL_Driver\Src\stm32f4xx_hal_cortex.o
 .text          0x00000000        0x0 Drivers\STM32F4xx_HAL_Driver\Src\stm32f4xx_hal_dma.o
 .data          0x00000000        0x0 Drivers\STM32F4xx_HAL_Driver\Src\stm32f4xx_hal_dma.o
 .bss           0x00000000        0x0 Drivers\STM32F4xx_HAL_Driver\Src\stm32f4xx_hal_dma.o
 .text.HAL_DMA_Init
                0x00000000      0x15c Drivers\STM32F4xx_HAL_Driver\Src\stm32f4xx_hal_dma.o
 .text.HAL_DMA_DeInit
                0x00000000       0xbc Drivers\STM32F4xx_HAL_Driver\Src\stm32f4xx_hal_dma.o
 .text.HAL_DMA_Start
                0x00000000       0x76 Drivers\STM32F4xx_HAL_Driver\Src\stm32f4xx_hal_dma.o
 .text.HAL_DMA_Start_IT
                0x00000000       0xb0 Drivers\STM32F4xx_HAL_Driver\Src\stm32f4xx_hal_dma.o
 .text.HAL_DMA_Abort
                0x00000000       0xe0 Drivers\STM32F4xx_HAL_Driver\Src\stm32f4xx_hal_dma.o
 .text.HAL_DMA_Abort_IT
                0x00000000       0x44 Drivers\STM32F4xx_HAL_Driver\Src\stm32f4xx_hal_dma.o
 .text.HAL_DMA_PollForTransfer
                0x00000000      0x1be Drivers\STM32F4xx_HAL_Driver\Src\stm32f4xx_hal_dma.o
 .text.HAL_DMA_IRQHandler
                0x00000000      0x314 Drivers\STM32F4xx_HAL_Driver\Src\stm32f4xx_hal_dma.o
 .text.HAL_DMA_RegisterCallback
                0x00000000       0xa8 Drivers\STM32F4xx_HAL_Driver\Src\stm32f4xx_hal_dma.o
 .text.HAL_DMA_UnRegisterCallback
                0x00000000       0xd4 Drivers\STM32F4xx_HAL_Driver\Src\stm32f4xx_hal_dma.o
 .text.HAL_DMA_GetState
                0x00000000       0x1c Drivers\STM32F4xx_HAL_Driver\Src\stm32f4xx_hal_dma.o
 .text.HAL_DMA_GetError
                0x00000000       0x18 Drivers\STM32F4xx_HAL_Driver\Src\stm32f4xx_hal_dma.o
 .text.DMA_SetConfig
                0x00000000       0x5c Drivers\STM32F4xx_HAL_Driver\Src\stm32f4xx_hal_dma.o
 .text.DMA_CalcBaseAndBitshift
                0x00000000       0x6c Drivers\STM32F4xx_HAL_Driver\Src\stm32f4xx_hal_dma.o
 .text.DMA_CheckFifoParam
                0x00000000       0xf4 Drivers\STM32F4xx_HAL_Driver\Src\stm32f4xx_hal_dma.o
 .rodata.flagBitshiftOffset.7606
                0x00000000        0x8 Drivers\STM32F4xx_HAL_Driver\Src\stm32f4xx_hal_dma.o
 .debug_info    0x00000000      0x964 Drivers\STM32F4xx_HAL_Driver\Src\stm32f4xx_hal_dma.o
 .debug_abbrev  0x00000000      0x224 Drivers\STM32F4xx_HAL_Driver\Src\stm32f4xx_hal_dma.o
 .debug_aranges
                0x00000000       0x90 Drivers\STM32F4xx_HAL_Driver\Src\stm32f4xx_hal_dma.o
 .debug_ranges  0x00000000       0x80 Drivers\STM32F4xx_HAL_Driver\Src\stm32f4xx_hal_dma.o
 .debug_line    0x00000000      0x504 Drivers\STM32F4xx_HAL_Driver\Src\stm32f4xx_hal_dma.o
 .debug_str     0x00000000      0x82d Drivers\STM32F4xx_HAL_Driver\Src\stm32f4xx_hal_dma.o
 .comment       0x00000000       0x7d Drivers\STM32F4xx_HAL_Driver\Src\stm32f4xx_hal_dma.o
 .debug_frame   0x00000000      0x250 Drivers\STM32F4xx_HAL_Driver\Src\stm32f4xx_hal_dma.o
 .ARM.attributes
                0x00000000       0x39 Drivers\STM32F4xx_HAL_Driver\Src\stm32f4xx_hal_dma.o
 .text          0x00000000        0x0 Drivers\STM32F4xx_HAL_Driver\Src\stm32f4xx_hal_dma_ex.o
 .data          0x00000000        0x0 Drivers\STM32F4xx_HAL_Driver\Src\stm32f4xx_hal_dma_ex.o
 .bss           0x00000000        0x0 Drivers\STM32F4xx_HAL_Driver\Src\stm32f4xx_hal_dma_ex.o
 .text.HAL_DMAEx_MultiBufferStart
                0x00000000       0x96 Drivers\STM32F4xx_HAL_Driver\Src\stm32f4xx_hal_dma_ex.o
 .text.HAL_DMAEx_MultiBufferStart_IT
                0x00000000     0x1478 Drivers\STM32F4xx_HAL_Driver\Src\stm32f4xx_hal_dma_ex.o
 .text.HAL_DMAEx_ChangeMemory
                0x00000000       0x34 Drivers\STM32F4xx_HAL_Driver\Src\stm32f4xx_hal_dma_ex.o
 .text.DMA_MultiBufferSetConfig
                0x00000000       0x4c Drivers\STM32F4xx_HAL_Driver\Src\stm32f4xx_hal_dma_ex.o
 .debug_info    0x00000000      0x5d1 Drivers\STM32F4xx_HAL_Driver\Src\stm32f4xx_hal_dma_ex.o
 .debug_abbrev  0x00000000      0x1ab Drivers\STM32F4xx_HAL_Driver\Src\stm32f4xx_hal_dma_ex.o
 .debug_aranges
                0x00000000       0x38 Drivers\STM32F4xx_HAL_Driver\Src\stm32f4xx_hal_dma_ex.o
 .debug_ranges  0x00000000       0x28 Drivers\STM32F4xx_HAL_Driver\Src\stm32f4xx_hal_dma_ex.o
 .debug_line    0x00000000      0xdd8 Drivers\STM32F4xx_HAL_Driver\Src\stm32f4xx_hal_dma_ex.o
 .debug_str     0x00000000      0x62e Drivers\STM32F4xx_HAL_Driver\Src\stm32f4xx_hal_dma_ex.o
 .comment       0x00000000       0x7d Drivers\STM32F4xx_HAL_Driver\Src\stm32f4xx_hal_dma_ex.o
 .debug_frame   0x00000000       0xac Drivers\STM32F4xx_HAL_Driver\Src\stm32f4xx_hal_dma_ex.o
 .ARM.attributes
                0x00000000       0x39 Drivers\STM32F4xx_HAL_Driver\Src\stm32f4xx_hal_dma_ex.o
 .text          0x00000000        0x0 Drivers\STM32F4xx_HAL_Driver\Src\stm32f4xx_hal_exti.o
 .data          0x00000000        0x0 Drivers\STM32F4xx_HAL_Driver\Src\stm32f4xx_hal_exti.o
 .bss           0x00000000        0x0 Drivers\STM32F4xx_HAL_Driver\Src\stm32f4xx_hal_exti.o
 .text.HAL_EXTI_SetConfigLine
                0x00000000      0x150 Drivers\STM32F4xx_HAL_Driver\Src\stm32f4xx_hal_exti.o
 .text.HAL_EXTI_GetConfigLine
                0x00000000       0xf4 Drivers\STM32F4xx_HAL_Driver\Src\stm32f4xx_hal_exti.o
 .text.HAL_EXTI_ClearConfigLine
                0x00000000       0xc0 Drivers\STM32F4xx_HAL_Driver\Src\stm32f4xx_hal_exti.o
 .text.HAL_EXTI_RegisterCallback
                0x00000000       0x34 Drivers\STM32F4xx_HAL_Driver\Src\stm32f4xx_hal_exti.o
 .text.HAL_EXTI_GetHandle
                0x00000000       0x28 Drivers\STM32F4xx_HAL_Driver\Src\stm32f4xx_hal_exti.o
 .text.HAL_EXTI_IRQHandler
                0x00000000       0x48 Drivers\STM32F4xx_HAL_Driver\Src\stm32f4xx_hal_exti.o
 .text.HAL_EXTI_GetPending
                0x00000000       0x40 Drivers\STM32F4xx_HAL_Driver\Src\stm32f4xx_hal_exti.o
 .text.HAL_EXTI_ClearPending
                0x00000000       0x30 Drivers\STM32F4xx_HAL_Driver\Src\stm32f4xx_hal_exti.o
 .text.HAL_EXTI_GenerateSWI
                0x00000000       0x30 Drivers\STM32F4xx_HAL_Driver\Src\stm32f4xx_hal_exti.o
 .debug_info    0x00000000      0x5e9 Drivers\STM32F4xx_HAL_Driver\Src\stm32f4xx_hal_exti.o
 .debug_abbrev  0x00000000      0x1b7 Drivers\STM32F4xx_HAL_Driver\Src\stm32f4xx_hal_exti.o
 .debug_aranges
                0x00000000       0x60 Drivers\STM32F4xx_HAL_Driver\Src\stm32f4xx_hal_exti.o
 .debug_ranges  0x00000000       0x50 Drivers\STM32F4xx_HAL_Driver\Src\stm32f4xx_hal_exti.o
 .debug_line    0x00000000      0x31e Drivers\STM32F4xx_HAL_Driver\Src\stm32f4xx_hal_exti.o
 .debug_str     0x00000000      0x4c6 Drivers\STM32F4xx_HAL_Driver\Src\stm32f4xx_hal_exti.o
 .comment       0x00000000       0x7d Drivers\STM32F4xx_HAL_Driver\Src\stm32f4xx_hal_exti.o
 .debug_frame   0x00000000      0x174 Drivers\STM32F4xx_HAL_Driver\Src\stm32f4xx_hal_exti.o
 .ARM.attributes
                0x00000000       0x39 Drivers\STM32F4xx_HAL_Driver\Src\stm32f4xx_hal_exti.o
 .text          0x00000000        0x0 Drivers\STM32F4xx_HAL_Driver\Src\stm32f4xx_hal_flash.o
 .data          0x00000000        0x0 Drivers\STM32F4xx_HAL_Driver\Src\stm32f4xx_hal_flash.o
 .bss           0x00000000        0x0 Drivers\STM32F4xx_HAL_Driver\Src\stm32f4xx_hal_flash.o
 .text.HAL_FLASH_Program
                0x00000000       0xa8 Drivers\STM32F4xx_HAL_Driver\Src\stm32f4xx_hal_flash.o
 .text.HAL_FLASH_Program_IT
                0x00000000       0x9c Drivers\STM32F4xx_HAL_Driver\Src\stm32f4xx_hal_flash.o
 .text.HAL_FLASH_IRQHandler
                0x00000000      0x140 Drivers\STM32F4xx_HAL_Driver\Src\stm32f4xx_hal_flash.o
 .text.HAL_FLASH_EndOfOperationCallback
                0x00000000       0x14 Drivers\STM32F4xx_HAL_Driver\Src\stm32f4xx_hal_flash.o
 .text.HAL_FLASH_OperationErrorCallback
                0x00000000       0x14 Drivers\STM32F4xx_HAL_Driver\Src\stm32f4xx_hal_flash.o
 .text.HAL_FLASH_Unlock
                0x00000000       0x44 Drivers\STM32F4xx_HAL_Driver\Src\stm32f4xx_hal_flash.o
 .text.HAL_FLASH_Lock
                0x00000000       0x20 Drivers\STM32F4xx_HAL_Driver\Src\stm32f4xx_hal_flash.o
 .text.HAL_FLASH_OB_Unlock
                0x00000000       0x38 Drivers\STM32F4xx_HAL_Driver\Src\stm32f4xx_hal_flash.o
 .text.HAL_FLASH_OB_Lock
                0x00000000       0x20 Drivers\STM32F4xx_HAL_Driver\Src\stm32f4xx_hal_flash.o
 .text.HAL_FLASH_OB_Launch
                0x00000000       0x28 Drivers\STM32F4xx_HAL_Driver\Src\stm32f4xx_hal_flash.o
 .text.HAL_FLASH_GetError
                0x00000000       0x18 Drivers\STM32F4xx_HAL_Driver\Src\stm32f4xx_hal_flash.o
 .text.FLASH_WaitForLastOperation
                0x00000000       0x80 Drivers\STM32F4xx_HAL_Driver\Src\stm32f4xx_hal_flash.o
 .text.FLASH_Program_DoubleWord
                0x00000000       0x5c Drivers\STM32F4xx_HAL_Driver\Src\stm32f4xx_hal_flash.o
 .text.FLASH_Program_Word
                0x00000000       0x44 Drivers\STM32F4xx_HAL_Driver\Src\stm32f4xx_hal_flash.o
 .text.FLASH_Program_HalfWord
                0x00000000       0x48 Drivers\STM32F4xx_HAL_Driver\Src\stm32f4xx_hal_flash.o
 .text.FLASH_Program_Byte
                0x00000000       0x44 Drivers\STM32F4xx_HAL_Driver\Src\stm32f4xx_hal_flash.o
 .text.FLASH_SetErrorCode
                0x00000000       0xac Drivers\STM32F4xx_HAL_Driver\Src\stm32f4xx_hal_flash.o
 .debug_info    0x00000000      0x620 Drivers\STM32F4xx_HAL_Driver\Src\stm32f4xx_hal_flash.o
 .debug_abbrev  0x00000000      0x243 Drivers\STM32F4xx_HAL_Driver\Src\stm32f4xx_hal_flash.o
 .debug_aranges
                0x00000000       0xa0 Drivers\STM32F4xx_HAL_Driver\Src\stm32f4xx_hal_flash.o
 .debug_ranges  0x00000000       0x90 Drivers\STM32F4xx_HAL_Driver\Src\stm32f4xx_hal_flash.o
 .debug_line    0x00000000      0x42d Drivers\STM32F4xx_HAL_Driver\Src\stm32f4xx_hal_flash.o
 .debug_str     0x00000000      0x5ec Drivers\STM32F4xx_HAL_Driver\Src\stm32f4xx_hal_flash.o
 .comment       0x00000000       0x7d Drivers\STM32F4xx_HAL_Driver\Src\stm32f4xx_hal_flash.o
 .debug_frame   0x00000000      0x27c Drivers\STM32F4xx_HAL_Driver\Src\stm32f4xx_hal_flash.o
 .ARM.attributes
                0x00000000       0x39 Drivers\STM32F4xx_HAL_Driver\Src\stm32f4xx_hal_flash.o
 COMMON         0x00000000       0x20 Drivers\STM32F4xx_HAL_Driver\Src\stm32f4xx_hal_flash.o
 .text          0x00000000        0x0 Drivers\STM32F4xx_HAL_Driver\Src\stm32f4xx_hal_flash_ex.o
 .data          0x00000000        0x0 Drivers\STM32F4xx_HAL_Driver\Src\stm32f4xx_hal_flash_ex.o
 .bss           0x00000000        0x0 Drivers\STM32F4xx_HAL_Driver\Src\stm32f4xx_hal_flash_ex.o
 .text.HAL_FLASHEx_Erase
                0x00000000       0xe0 Drivers\STM32F4xx_HAL_Driver\Src\stm32f4xx_hal_flash_ex.o
 .text.HAL_FLASHEx_Erase_IT
                0x00000000       0xac Drivers\STM32F4xx_HAL_Driver\Src\stm32f4xx_hal_flash_ex.o
 .text.HAL_FLASHEx_OBProgram
                0x00000000       0xdc Drivers\STM32F4xx_HAL_Driver\Src\stm32f4xx_hal_flash_ex.o
 .text.HAL_FLASHEx_OBGetConfig
                0x00000000       0x46 Drivers\STM32F4xx_HAL_Driver\Src\stm32f4xx_hal_flash_ex.o
 .text.FLASH_MassErase
                0x00000000       0x48 Drivers\STM32F4xx_HAL_Driver\Src\stm32f4xx_hal_flash_ex.o
 .text.FLASH_Erase_Sector
                0x00000000       0x90 Drivers\STM32F4xx_HAL_Driver\Src\stm32f4xx_hal_flash_ex.o
 .text.FLASH_OB_EnableWRP
                0x00000000       0x44 Drivers\STM32F4xx_HAL_Driver\Src\stm32f4xx_hal_flash_ex.o
 .text.FLASH_OB_DisableWRP
                0x00000000       0x40 Drivers\STM32F4xx_HAL_Driver\Src\stm32f4xx_hal_flash_ex.o
 .text.FLASH_OB_RDP_LevelConfig
                0x00000000       0x34 Drivers\STM32F4xx_HAL_Driver\Src\stm32f4xx_hal_flash_ex.o
 .text.FLASH_OB_UserConfig
                0x00000000       0x60 Drivers\STM32F4xx_HAL_Driver\Src\stm32f4xx_hal_flash_ex.o
 .text.FLASH_OB_BOR_LevelConfig
                0x00000000       0x3c Drivers\STM32F4xx_HAL_Driver\Src\stm32f4xx_hal_flash_ex.o
 .text.FLASH_OB_GetUser
                0x00000000       0x20 Drivers\STM32F4xx_HAL_Driver\Src\stm32f4xx_hal_flash_ex.o
 .text.FLASH_OB_GetWRP
                0x00000000       0x18 Drivers\STM32F4xx_HAL_Driver\Src\stm32f4xx_hal_flash_ex.o
 .text.FLASH_OB_GetRDP
                0x00000000       0x40 Drivers\STM32F4xx_HAL_Driver\Src\stm32f4xx_hal_flash_ex.o
 .text.FLASH_OB_GetBOR
                0x00000000       0x20 Drivers\STM32F4xx_HAL_Driver\Src\stm32f4xx_hal_flash_ex.o
 .text.FLASH_FlushCaches
                0x00000000       0x8c Drivers\STM32F4xx_HAL_Driver\Src\stm32f4xx_hal_flash_ex.o
 .debug_info    0x00000000      0x71f Drivers\STM32F4xx_HAL_Driver\Src\stm32f4xx_hal_flash_ex.o
 .debug_abbrev  0x00000000      0x21b Drivers\STM32F4xx_HAL_Driver\Src\stm32f4xx_hal_flash_ex.o
 .debug_aranges
                0x00000000       0x98 Drivers\STM32F4xx_HAL_Driver\Src\stm32f4xx_hal_flash_ex.o
 .debug_ranges  0x00000000       0x88 Drivers\STM32F4xx_HAL_Driver\Src\stm32f4xx_hal_flash_ex.o
 .debug_line    0x00000000      0x426 Drivers\STM32F4xx_HAL_Driver\Src\stm32f4xx_hal_flash_ex.o
 .debug_str     0x00000000      0x652 Drivers\STM32F4xx_HAL_Driver\Src\stm32f4xx_hal_flash_ex.o
 .comment       0x00000000       0x7d Drivers\STM32F4xx_HAL_Driver\Src\stm32f4xx_hal_flash_ex.o
 .debug_frame   0x00000000      0x250 Drivers\STM32F4xx_HAL_Driver\Src\stm32f4xx_hal_flash_ex.o
 .ARM.attributes
                0x00000000       0x39 Drivers\STM32F4xx_HAL_Driver\Src\stm32f4xx_hal_flash_ex.o
 .text          0x00000000        0x0 Drivers\STM32F4xx_HAL_Driver\Src\stm32f4xx_hal_flash_ramfunc.o
 .data          0x00000000        0x0 Drivers\STM32F4xx_HAL_Driver\Src\stm32f4xx_hal_flash_ramfunc.o
 .bss           0x00000000        0x0 Drivers\STM32F4xx_HAL_Driver\Src\stm32f4xx_hal_flash_ramfunc.o
 .debug_info    0x00000000      0x16b Drivers\STM32F4xx_HAL_Driver\Src\stm32f4xx_hal_flash_ramfunc.o
 .debug_abbrev  0x00000000       0x8d Drivers\STM32F4xx_HAL_Driver\Src\stm32f4xx_hal_flash_ramfunc.o
 .debug_aranges
                0x00000000       0x18 Drivers\STM32F4xx_HAL_Driver\Src\stm32f4xx_hal_flash_ramfunc.o
 .debug_line    0x00000000      0x1a3 Drivers\STM32F4xx_HAL_Driver\Src\stm32f4xx_hal_flash_ramfunc.o
 .debug_str     0x00000000      0x2b3 Drivers\STM32F4xx_HAL_Driver\Src\stm32f4xx_hal_flash_ramfunc.o
 .comment       0x00000000       0x7d Drivers\STM32F4xx_HAL_Driver\Src\stm32f4xx_hal_flash_ramfunc.o
 .ARM.attributes
                0x00000000       0x39 Drivers\STM32F4xx_HAL_Driver\Src\stm32f4xx_hal_flash_ramfunc.o
 .text          0x00000000        0x0 Drivers\STM32F4xx_HAL_Driver\Src\stm32f4xx_hal_gpio.o
 .data          0x00000000        0x0 Drivers\STM32F4xx_HAL_Driver\Src\stm32f4xx_hal_gpio.o
 .bss           0x00000000        0x0 Drivers\STM32F4xx_HAL_Driver\Src\stm32f4xx_hal_gpio.o
 .text.HAL_GPIO_DeInit
                0x00000000      0x1f8 Drivers\STM32F4xx_HAL_Driver\Src\stm32f4xx_hal_gpio.o
 .text.HAL_GPIO_ReadPin
                0x00000000       0x30 Drivers\STM32F4xx_HAL_Driver\Src\stm32f4xx_hal_gpio.o
 .text.HAL_GPIO_WritePin
                0x00000000       0x32 Drivers\STM32F4xx_HAL_Driver\Src\stm32f4xx_hal_gpio.o
 .text.HAL_GPIO_TogglePin
                0x00000000       0x34 Drivers\STM32F4xx_HAL_Driver\Src\stm32f4xx_hal_gpio.o
 .text.HAL_GPIO_LockPin
                0x00000000       0x50 Drivers\STM32F4xx_HAL_Driver\Src\stm32f4xx_hal_gpio.o
 .text.HAL_GPIO_EXTI_IRQHandler
                0x00000000       0x30 Drivers\STM32F4xx_HAL_Driver\Src\stm32f4xx_hal_gpio.o
 .text.HAL_GPIO_EXTI_Callback
                0x00000000       0x16 Drivers\STM32F4xx_HAL_Driver\Src\stm32f4xx_hal_gpio.o
 .text          0x00000000        0x0 Drivers\STM32F4xx_HAL_Driver\Src\stm32f4xx_hal_i2c.o
 .data          0x00000000        0x0 Drivers\STM32F4xx_HAL_Driver\Src\stm32f4xx_hal_i2c.o
 .bss           0x00000000        0x0 Drivers\STM32F4xx_HAL_Driver\Src\stm32f4xx_hal_i2c.o
 .text.HAL_I2C_DeInit
                0x00000000       0x5e Drivers\STM32F4xx_HAL_Driver\Src\stm32f4xx_hal_i2c.o
 .text.HAL_I2C_MspInit
                0x00000000       0x14 Drivers\STM32F4xx_HAL_Driver\Src\stm32f4xx_hal_i2c.o
 .text.HAL_I2C_MspDeInit
                0x00000000       0x14 Drivers\STM32F4xx_HAL_Driver\Src\stm32f4xx_hal_i2c.o
 .text.HAL_I2C_Master_Receive
                0x00000000      0x44c Drivers\STM32F4xx_HAL_Driver\Src\stm32f4xx_hal_i2c.o
 .text.HAL_I2C_Slave_Transmit
                0x00000000      0x22c Drivers\STM32F4xx_HAL_Driver\Src\stm32f4xx_hal_i2c.o
 .text.HAL_I2C_Slave_Receive
                0x00000000      0x214 Drivers\STM32F4xx_HAL_Driver\Src\stm32f4xx_hal_i2c.o
 .text.HAL_I2C_Master_Transmit_IT
                0x00000000      0x14c Drivers\STM32F4xx_HAL_Driver\Src\stm32f4xx_hal_i2c.o
 .text.HAL_I2C_Master_Receive_IT
                0x00000000      0x15c Drivers\STM32F4xx_HAL_Driver\Src\stm32f4xx_hal_i2c.o
 .text.HAL_I2C_Slave_Transmit_IT
                0x00000000       0xe0 Drivers\STM32F4xx_HAL_Driver\Src\stm32f4xx_hal_i2c.o
 .text.HAL_I2C_Slave_Receive_IT
                0x00000000       0xe0 Drivers\STM32F4xx_HAL_Driver\Src\stm32f4xx_hal_i2c.o
 .text.HAL_I2C_Master_Transmit_DMA
                0x00000000      0x260 Drivers\STM32F4xx_HAL_Driver\Src\stm32f4xx_hal_i2c.o
 .text.HAL_I2C_Master_Receive_DMA
                0x00000000      0x260 Drivers\STM32F4xx_HAL_Driver\Src\stm32f4xx_hal_i2c.o
 .text.HAL_I2C_Slave_Transmit_DMA
                0x00000000      0x1a4 Drivers\STM32F4xx_HAL_Driver\Src\stm32f4xx_hal_i2c.o
 .text.HAL_I2C_Slave_Receive_DMA
                0x00000000      0x1a4 Drivers\STM32F4xx_HAL_Driver\Src\stm32f4xx_hal_i2c.o
 .text.HAL_I2C_Mem_Write
                0x00000000      0x1f4 Drivers\STM32F4xx_HAL_Driver\Src\stm32f4xx_hal_i2c.o
 .text.HAL_I2C_Mem_Read
                0x00000000      0x44c Drivers\STM32F4xx_HAL_Driver\Src\stm32f4xx_hal_i2c.o
 .text.HAL_I2C_Mem_Write_IT
                0x00000000      0x164 Drivers\STM32F4xx_HAL_Driver\Src\stm32f4xx_hal_i2c.o
 .text.HAL_I2C_Mem_Read_IT
                0x00000000      0x17c Drivers\STM32F4xx_HAL_Driver\Src\stm32f4xx_hal_i2c.o
 .text.HAL_I2C_Mem_Write_DMA
                0x00000000      0x2c4 Drivers\STM32F4xx_HAL_Driver\Src\stm32f4xx_hal_i2c.o
 .text.HAL_I2C_Mem_Read_DMA
                0x00000000      0x328 Drivers\STM32F4xx_HAL_Driver\Src\stm32f4xx_hal_i2c.o
 .text.HAL_I2C_IsDeviceReady
                0x00000000      0x25c Drivers\STM32F4xx_HAL_Driver\Src\stm32f4xx_hal_i2c.o
 .text.HAL_I2C_Master_Seq_Transmit_IT
                0x00000000      0x18c Drivers\STM32F4xx_HAL_Driver\Src\stm32f4xx_hal_i2c.o
 .text.HAL_I2C_Master_Seq_Transmit_DMA
                0x00000000      0x2c4 Drivers\STM32F4xx_HAL_Driver\Src\stm32f4xx_hal_i2c.o
 .text.HAL_I2C_Master_Seq_Receive_IT
                0x00000000      0x1fc Drivers\STM32F4xx_HAL_Driver\Src\stm32f4xx_hal_i2c.o
 .text.HAL_I2C_Master_Seq_Receive_DMA
                0x00000000      0x36c Drivers\STM32F4xx_HAL_Driver\Src\stm32f4xx_hal_i2c.o
 .text.HAL_I2C_Slave_Seq_Transmit_IT
                0x00000000       0xe6 Drivers\STM32F4xx_HAL_Driver\Src\stm32f4xx_hal_i2c.o
 .text.HAL_I2C_Slave_Seq_Transmit_DMA
                0x00000000      0x274 Drivers\STM32F4xx_HAL_Driver\Src\stm32f4xx_hal_i2c.o
 .text.HAL_I2C_Slave_Seq_Receive_IT
                0x00000000       0xe6 Drivers\STM32F4xx_HAL_Driver\Src\stm32f4xx_hal_i2c.o
 .text.HAL_I2C_Slave_Seq_Receive_DMA
                0x00000000      0x274 Drivers\STM32F4xx_HAL_Driver\Src\stm32f4xx_hal_i2c.o
 .text.HAL_I2C_EnableListen_IT
                0x00000000       0x6c Drivers\STM32F4xx_HAL_Driver\Src\stm32f4xx_hal_i2c.o
 .text.HAL_I2C_DisableListen_IT
                0x00000000       0x76 Drivers\STM32F4xx_HAL_Driver\Src\stm32f4xx_hal_i2c.o
 .text.HAL_I2C_Master_Abort_IT
                0x00000000       0x9e Drivers\STM32F4xx_HAL_Driver\Src\stm32f4xx_hal_i2c.o
 .text.HAL_I2C_EV_IRQHandler
                0x00000000      0x2a6 Drivers\STM32F4xx_HAL_Driver\Src\stm32f4xx_hal_i2c.o
 .text.HAL_I2C_ER_IRQHandler
                0x00000000      0x13e Drivers\STM32F4xx_HAL_Driver\Src\stm32f4xx_hal_i2c.o
 .text.HAL_I2C_MasterTxCpltCallback
                0x00000000       0x14 Drivers\STM32F4xx_HAL_Driver\Src\stm32f4xx_hal_i2c.o
 .text.HAL_I2C_MasterRxCpltCallback
                0x00000000       0x14 Drivers\STM32F4xx_HAL_Driver\Src\stm32f4xx_hal_i2c.o
 .text.HAL_I2C_SlaveTxCpltCallback
                0x00000000       0x14 Drivers\STM32F4xx_HAL_Driver\Src\stm32f4xx_hal_i2c.o
 .text.HAL_I2C_SlaveRxCpltCallback
                0x00000000       0x14 Drivers\STM32F4xx_HAL_Driver\Src\stm32f4xx_hal_i2c.o
 .text.HAL_I2C_AddrCallback
                0x00000000       0x1c Drivers\STM32F4xx_HAL_Driver\Src\stm32f4xx_hal_i2c.o
 .text.HAL_I2C_ListenCpltCallback
                0x00000000       0x14 Drivers\STM32F4xx_HAL_Driver\Src\stm32f4xx_hal_i2c.o
 .text.HAL_I2C_MemTxCpltCallback
                0x00000000       0x14 Drivers\STM32F4xx_HAL_Driver\Src\stm32f4xx_hal_i2c.o
 .text.HAL_I2C_MemRxCpltCallback
                0x00000000       0x14 Drivers\STM32F4xx_HAL_Driver\Src\stm32f4xx_hal_i2c.o
 .text.HAL_I2C_ErrorCallback
                0x00000000       0x14 Drivers\STM32F4xx_HAL_Driver\Src\stm32f4xx_hal_i2c.o
 .text.HAL_I2C_AbortCpltCallback
                0x00000000       0x14 Drivers\STM32F4xx_HAL_Driver\Src\stm32f4xx_hal_i2c.o
 .text.HAL_I2C_GetState
                0x00000000       0x1c Drivers\STM32F4xx_HAL_Driver\Src\stm32f4xx_hal_i2c.o
 .text.HAL_I2C_GetMode
                0x00000000       0x1c Drivers\STM32F4xx_HAL_Driver\Src\stm32f4xx_hal_i2c.o
 .text.HAL_I2C_GetError
                0x00000000       0x18 Drivers\STM32F4xx_HAL_Driver\Src\stm32f4xx_hal_i2c.o
 .text.I2C_MasterTransmit_TXE
                0x00000000      0x138 Drivers\STM32F4xx_HAL_Driver\Src\stm32f4xx_hal_i2c.o
 .text.I2C_MasterTransmit_BTF
                0x00000000       0xec Drivers\STM32F4xx_HAL_Driver\Src\stm32f4xx_hal_i2c.o
 .text.I2C_MemoryTransmit_TXE_BTF
                0x00000000      0x128 Drivers\STM32F4xx_HAL_Driver\Src\stm32f4xx_hal_i2c.o
 .text.I2C_MasterReceive_RXNE
                0x00000000      0x162 Drivers\STM32F4xx_HAL_Driver\Src\stm32f4xx_hal_i2c.o
 .text.I2C_MasterReceive_BTF
                0x00000000      0x1d4 Drivers\STM32F4xx_HAL_Driver\Src\stm32f4xx_hal_i2c.o
 .text.I2C_Master_SB
                0x00000000      0x108 Drivers\STM32F4xx_HAL_Driver\Src\stm32f4xx_hal_i2c.o
 .text.I2C_Master_ADD10
                0x00000000       0x54 Drivers\STM32F4xx_HAL_Driver\Src\stm32f4xx_hal_i2c.o
 .text.I2C_Master_ADDR
                0x00000000      0x322 Drivers\STM32F4xx_HAL_Driver\Src\stm32f4xx_hal_i2c.o
 .text.I2C_SlaveTransmit_TXE
                0x00000000       0x7a Drivers\STM32F4xx_HAL_Driver\Src\stm32f4xx_hal_i2c.o
 .text.I2C_SlaveTransmit_BTF
                0x00000000       0x42 Drivers\STM32F4xx_HAL_Driver\Src\stm32f4xx_hal_i2c.o
 .text.I2C_SlaveReceive_RXNE
                0x00000000       0x7c Drivers\STM32F4xx_HAL_Driver\Src\stm32f4xx_hal_i2c.o
 .text.I2C_SlaveReceive_BTF
                0x00000000       0x44 Drivers\STM32F4xx_HAL_Driver\Src\stm32f4xx_hal_i2c.o
 .text.I2C_Slave_ADDR
                0x00000000       0x90 Drivers\STM32F4xx_HAL_Driver\Src\stm32f4xx_hal_i2c.o
 .text.I2C_Slave_STOPF
                0x00000000      0x260 Drivers\STM32F4xx_HAL_Driver\Src\stm32f4xx_hal_i2c.o
 .text.I2C_Slave_AF
                0x00000000       0xe0 Drivers\STM32F4xx_HAL_Driver\Src\stm32f4xx_hal_i2c.o
 .text.I2C_ITError
                0x00000000      0x264 Drivers\STM32F4xx_HAL_Driver\Src\stm32f4xx_hal_i2c.o
 .text.I2C_MasterRequestRead
                0x00000000      0x19c Drivers\STM32F4xx_HAL_Driver\Src\stm32f4xx_hal_i2c.o
 .text.I2C_RequestMemoryWrite
                0x00000000      0x128 Drivers\STM32F4xx_HAL_Driver\Src\stm32f4xx_hal_i2c.o
 .text.I2C_RequestMemoryRead
                0x00000000      0x1d0 Drivers\STM32F4xx_HAL_Driver\Src\stm32f4xx_hal_i2c.o
 .text.I2C_DMAXferCplt
                0x00000000      0x1aa Drivers\STM32F4xx_HAL_Driver\Src\stm32f4xx_hal_i2c.o
 .text.I2C_DMAError
                0x00000000       0x7a Drivers\STM32F4xx_HAL_Driver\Src\stm32f4xx_hal_i2c.o
 .text.I2C_DMAAbort
                0x00000000      0x150 Drivers\STM32F4xx_HAL_Driver\Src\stm32f4xx_hal_i2c.o
 .text.I2C_WaitOnSTOPFlagUntilTimeout
                0x00000000       0x7a Drivers\STM32F4xx_HAL_Driver\Src\stm32f4xx_hal_i2c.o
 .text.I2C_WaitOnSTOPRequestThroughIT
                0x00000000       0x64 Drivers\STM32F4xx_HAL_Driver\Src\stm32f4xx_hal_i2c.o
 .text.I2C_WaitOnRXNEFlagUntilTimeout
                0x00000000       0xac Drivers\STM32F4xx_HAL_Driver\Src\stm32f4xx_hal_i2c.o
 .text.I2C_ConvertOtherXferOptions
                0x00000000       0x36 Drivers\STM32F4xx_HAL_Driver\Src\stm32f4xx_hal_i2c.o
 .text          0x00000000        0x0 Drivers\STM32F4xx_HAL_Driver\Src\stm32f4xx_hal_i2c_ex.o
 .data          0x00000000        0x0 Drivers\STM32F4xx_HAL_Driver\Src\stm32f4xx_hal_i2c_ex.o
 .bss           0x00000000        0x0 Drivers\STM32F4xx_HAL_Driver\Src\stm32f4xx_hal_i2c_ex.o
 .debug_info    0x00000000      0x16b Drivers\STM32F4xx_HAL_Driver\Src\stm32f4xx_hal_i2c_ex.o
 .debug_abbrev  0x00000000       0x8d Drivers\STM32F4xx_HAL_Driver\Src\stm32f4xx_hal_i2c_ex.o
 .debug_aranges
                0x00000000       0x18 Drivers\STM32F4xx_HAL_Driver\Src\stm32f4xx_hal_i2c_ex.o
 .debug_line    0x00000000      0x1a3 Drivers\STM32F4xx_HAL_Driver\Src\stm32f4xx_hal_i2c_ex.o
 .debug_str     0x00000000      0x2ac Drivers\STM32F4xx_HAL_Driver\Src\stm32f4xx_hal_i2c_ex.o
 .comment       0x00000000       0x7d Drivers\STM32F4xx_HAL_Driver\Src\stm32f4xx_hal_i2c_ex.o
 .ARM.attributes
                0x00000000       0x39 Drivers\STM32F4xx_HAL_Driver\Src\stm32f4xx_hal_i2c_ex.o
 .text          0x00000000        0x0 Drivers\STM32F4xx_HAL_Driver\Src\stm32f4xx_hal_pwr.o
 .data          0x00000000        0x0 Drivers\STM32F4xx_HAL_Driver\Src\stm32f4xx_hal_pwr.o
 .bss           0x00000000        0x0 Drivers\STM32F4xx_HAL_Driver\Src\stm32f4xx_hal_pwr.o
 .text.HAL_PWR_DeInit
                0x00000000       0x2c Drivers\STM32F4xx_HAL_Driver\Src\stm32f4xx_hal_pwr.o
 .text.HAL_PWR_EnableBkUpAccess
                0x00000000       0x28 Drivers\STM32F4xx_HAL_Driver\Src\stm32f4xx_hal_pwr.o
 .text.HAL_PWR_DisableBkUpAccess
                0x00000000       0x28 Drivers\STM32F4xx_HAL_Driver\Src\stm32f4xx_hal_pwr.o
 .text.HAL_PWR_ConfigPVD
                0x00000000       0xc0 Drivers\STM32F4xx_HAL_Driver\Src\stm32f4xx_hal_pwr.o
 .text.HAL_PWR_EnablePVD
                0x00000000       0x18 Drivers\STM32F4xx_HAL_Driver\Src\stm32f4xx_hal_pwr.o
 .text.HAL_PWR_DisablePVD
                0x00000000       0x18 Drivers\STM32F4xx_HAL_Driver\Src\stm32f4xx_hal_pwr.o
 .text.HAL_PWR_EnableWakeUpPin
                0x00000000       0x24 Drivers\STM32F4xx_HAL_Driver\Src\stm32f4xx_hal_pwr.o
 .text.HAL_PWR_DisableWakeUpPin
                0x00000000       0x28 Drivers\STM32F4xx_HAL_Driver\Src\stm32f4xx_hal_pwr.o
 .text.HAL_PWR_EnterSLEEPMode
                0x00000000       0x38 Drivers\STM32F4xx_HAL_Driver\Src\stm32f4xx_hal_pwr.o
 .text.HAL_PWR_EnterSTOPMode
                0x00000000       0x58 Drivers\STM32F4xx_HAL_Driver\Src\stm32f4xx_hal_pwr.o
 .text.HAL_PWR_EnterSTANDBYMode
                0x00000000       0x30 Drivers\STM32F4xx_HAL_Driver\Src\stm32f4xx_hal_pwr.o
 .text.HAL_PWR_PVD_IRQHandler
                0x00000000       0x24 Drivers\STM32F4xx_HAL_Driver\Src\stm32f4xx_hal_pwr.o
 .text.HAL_PWR_PVDCallback
                0x00000000        0xe Drivers\STM32F4xx_HAL_Driver\Src\stm32f4xx_hal_pwr.o
 .text.HAL_PWR_EnableSleepOnExit
                0x00000000       0x20 Drivers\STM32F4xx_HAL_Driver\Src\stm32f4xx_hal_pwr.o
 .text.HAL_PWR_DisableSleepOnExit
                0x00000000       0x20 Drivers\STM32F4xx_HAL_Driver\Src\stm32f4xx_hal_pwr.o
 .text.HAL_PWR_EnableSEVOnPend
                0x00000000       0x20 Drivers\STM32F4xx_HAL_Driver\Src\stm32f4xx_hal_pwr.o
 .text.HAL_PWR_DisableSEVOnPend
                0x00000000       0x20 Drivers\STM32F4xx_HAL_Driver\Src\stm32f4xx_hal_pwr.o
 .debug_info    0x00000000      0x78f Drivers\STM32F4xx_HAL_Driver\Src\stm32f4xx_hal_pwr.o
 .debug_abbrev  0x00000000      0x191 Drivers\STM32F4xx_HAL_Driver\Src\stm32f4xx_hal_pwr.o
 .debug_aranges
                0x00000000       0xa0 Drivers\STM32F4xx_HAL_Driver\Src\stm32f4xx_hal_pwr.o
 .debug_ranges  0x00000000       0x90 Drivers\STM32F4xx_HAL_Driver\Src\stm32f4xx_hal_pwr.o
 .debug_line    0x00000000      0x36a Drivers\STM32F4xx_HAL_Driver\Src\stm32f4xx_hal_pwr.o
 .debug_str     0x00000000      0x614 Drivers\STM32F4xx_HAL_Driver\Src\stm32f4xx_hal_pwr.o
 .comment       0x00000000       0x7d Drivers\STM32F4xx_HAL_Driver\Src\stm32f4xx_hal_pwr.o
 .debug_frame   0x00000000      0x264 Drivers\STM32F4xx_HAL_Driver\Src\stm32f4xx_hal_pwr.o
 .ARM.attributes
                0x00000000       0x39 Drivers\STM32F4xx_HAL_Driver\Src\stm32f4xx_hal_pwr.o
 .text          0x00000000        0x0 Drivers\STM32F4xx_HAL_Driver\Src\stm32f4xx_hal_pwr_ex.o
 .data          0x00000000        0x0 Drivers\STM32F4xx_HAL_Driver\Src\stm32f4xx_hal_pwr_ex.o
 .bss           0x00000000        0x0 Drivers\STM32F4xx_HAL_Driver\Src\stm32f4xx_hal_pwr_ex.o
 .text.HAL_PWREx_EnableBkUpReg
                0x00000000       0x4c Drivers\STM32F4xx_HAL_Driver\Src\stm32f4xx_hal_pwr_ex.o
 .text.HAL_PWREx_DisableBkUpReg
                0x00000000       0x4c Drivers\STM32F4xx_HAL_Driver\Src\stm32f4xx_hal_pwr_ex.o
 .text.HAL_PWREx_EnableFlashPowerDown
                0x00000000       0x18 Drivers\STM32F4xx_HAL_Driver\Src\stm32f4xx_hal_pwr_ex.o
 .text.HAL_PWREx_DisableFlashPowerDown
                0x00000000       0x18 Drivers\STM32F4xx_HAL_Driver\Src\stm32f4xx_hal_pwr_ex.o
 .text.HAL_PWREx_GetVoltageRange
                0x00000000       0x1c Drivers\STM32F4xx_HAL_Driver\Src\stm32f4xx_hal_pwr_ex.o
 .text.HAL_PWREx_ControlVoltageScaling
                0x00000000       0x84 Drivers\STM32F4xx_HAL_Driver\Src\stm32f4xx_hal_pwr_ex.o
 .debug_info    0x00000000      0x49c Drivers\STM32F4xx_HAL_Driver\Src\stm32f4xx_hal_pwr_ex.o
 .debug_abbrev  0x00000000      0x16c Drivers\STM32F4xx_HAL_Driver\Src\stm32f4xx_hal_pwr_ex.o
 .debug_aranges
                0x00000000       0x48 Drivers\STM32F4xx_HAL_Driver\Src\stm32f4xx_hal_pwr_ex.o
 .debug_ranges  0x00000000       0x38 Drivers\STM32F4xx_HAL_Driver\Src\stm32f4xx_hal_pwr_ex.o
 .debug_line    0x00000000      0x29a Drivers\STM32F4xx_HAL_Driver\Src\stm32f4xx_hal_pwr_ex.o
 .debug_str     0x00000000      0x4cb Drivers\STM32F4xx_HAL_Driver\Src\stm32f4xx_hal_pwr_ex.o
 .comment       0x00000000       0x7d Drivers\STM32F4xx_HAL_Driver\Src\stm32f4xx_hal_pwr_ex.o
 .debug_frame   0x00000000       0xdc Drivers\STM32F4xx_HAL_Driver\Src\stm32f4xx_hal_pwr_ex.o
 .ARM.attributes
                0x00000000       0x39 Drivers\STM32F4xx_HAL_Driver\Src\stm32f4xx_hal_pwr_ex.o
 .text          0x00000000        0x0 Drivers\STM32F4xx_HAL_Driver\Src\stm32f4xx_hal_rcc.o
 .data          0x00000000        0x0 Drivers\STM32F4xx_HAL_Driver\Src\stm32f4xx_hal_rcc.o
 .bss           0x00000000        0x0 Drivers\STM32F4xx_HAL_Driver\Src\stm32f4xx_hal_rcc.o
 .text.HAL_RCC_DeInit
                0x00000000       0x10 Drivers\STM32F4xx_HAL_Driver\Src\stm32f4xx_hal_rcc.o
 .text.HAL_RCC_MCOConfig
                0x00000000       0xd0 Drivers\STM32F4xx_HAL_Driver\Src\stm32f4xx_hal_rcc.o
 .text.HAL_RCC_EnableCSS
                0x00000000       0x18 Drivers\STM32F4xx_HAL_Driver\Src\stm32f4xx_hal_rcc.o
 .text.HAL_RCC_DisableCSS
                0x00000000       0x18 Drivers\STM32F4xx_HAL_Driver\Src\stm32f4xx_hal_rcc.o
 .text.HAL_RCC_GetPCLK2Freq
                0x00000000       0x28 Drivers\STM32F4xx_HAL_Driver\Src\stm32f4xx_hal_rcc.o
 .text.HAL_RCC_GetOscConfig
                0x00000000      0x128 Drivers\STM32F4xx_HAL_Driver\Src\stm32f4xx_hal_rcc.o
 .text.HAL_RCC_GetClockConfig
                0x00000000       0x64 Drivers\STM32F4xx_HAL_Driver\Src\stm32f4xx_hal_rcc.o
 .text.HAL_RCC_NMI_IRQHandler
                0x00000000       0x28 Drivers\STM32F4xx_HAL_Driver\Src\stm32f4xx_hal_rcc.o
 .text.HAL_RCC_CSSCallback
                0x00000000        0xe Drivers\STM32F4xx_HAL_Driver\Src\stm32f4xx_hal_rcc.o
 .text          0x00000000        0x0 Drivers\STM32F4xx_HAL_Driver\Src\stm32f4xx_hal_rcc_ex.o
 .data          0x00000000        0x0 Drivers\STM32F4xx_HAL_Driver\Src\stm32f4xx_hal_rcc_ex.o
 .bss           0x00000000        0x0 Drivers\STM32F4xx_HAL_Driver\Src\stm32f4xx_hal_rcc_ex.o
 .text.HAL_RCCEx_PeriphCLKConfig
                0x00000000      0x1c4 Drivers\STM32F4xx_HAL_Driver\Src\stm32f4xx_hal_rcc_ex.o
 .text.HAL_RCCEx_GetPeriphCLKConfig
                0x00000000       0x58 Drivers\STM32F4xx_HAL_Driver\Src\stm32f4xx_hal_rcc_ex.o
 .text.HAL_RCCEx_GetPeriphCLKFreq
                0x00000000       0xb8 Drivers\STM32F4xx_HAL_Driver\Src\stm32f4xx_hal_rcc_ex.o
 .text.HAL_RCCEx_EnablePLLI2S
                0x00000000       0x88 Drivers\STM32F4xx_HAL_Driver\Src\stm32f4xx_hal_rcc_ex.o
 .text.HAL_RCCEx_DisablePLLI2S
                0x00000000       0x44 Drivers\STM32F4xx_HAL_Driver\Src\stm32f4xx_hal_rcc_ex.o
 .text.HAL_RCC_DeInit
                0x00000000      0x19c Drivers\STM32F4xx_HAL_Driver\Src\stm32f4xx_hal_rcc_ex.o
 .debug_info    0x00000000      0x5ad Drivers\STM32F4xx_HAL_Driver\Src\stm32f4xx_hal_rcc_ex.o
 .debug_abbrev  0x00000000      0x16e Drivers\STM32F4xx_HAL_Driver\Src\stm32f4xx_hal_rcc_ex.o
 .debug_aranges
                0x00000000       0x48 Drivers\STM32F4xx_HAL_Driver\Src\stm32f4xx_hal_rcc_ex.o
 .debug_ranges  0x00000000       0x38 Drivers\STM32F4xx_HAL_Driver\Src\stm32f4xx_hal_rcc_ex.o
 .debug_line    0x00000000      0x35a Drivers\STM32F4xx_HAL_Driver\Src\stm32f4xx_hal_rcc_ex.o
 .debug_str     0x00000000      0x566 Drivers\STM32F4xx_HAL_Driver\Src\stm32f4xx_hal_rcc_ex.o
 .comment       0x00000000       0x7d Drivers\STM32F4xx_HAL_Driver\Src\stm32f4xx_hal_rcc_ex.o
 .debug_frame   0x00000000       0xf0 Drivers\STM32F4xx_HAL_Driver\Src\stm32f4xx_hal_rcc_ex.o
 .ARM.attributes
                0x00000000       0x39 Drivers\STM32F4xx_HAL_Driver\Src\stm32f4xx_hal_rcc_ex.o
 .text          0x00000000        0x0 Drivers\STM32F4xx_HAL_Driver\Src\stm32f4xx_hal_tim.o
 .data          0x00000000        0x0 Drivers\STM32F4xx_HAL_Driver\Src\stm32f4xx_hal_tim.o
 .bss           0x00000000        0x0 Drivers\STM32F4xx_HAL_Driver\Src\stm32f4xx_hal_tim.o
 .debug_info    0x00000000      0x16b Drivers\STM32F4xx_HAL_Driver\Src\stm32f4xx_hal_tim.o
 .debug_abbrev  0x00000000       0x8d Drivers\STM32F4xx_HAL_Driver\Src\stm32f4xx_hal_tim.o
 .debug_aranges
                0x00000000       0x18 Drivers\STM32F4xx_HAL_Driver\Src\stm32f4xx_hal_tim.o
 .debug_line    0x00000000      0x1a3 Drivers\STM32F4xx_HAL_Driver\Src\stm32f4xx_hal_tim.o
 .debug_str     0x00000000      0x2a9 Drivers\STM32F4xx_HAL_Driver\Src\stm32f4xx_hal_tim.o
 .comment       0x00000000       0x7d Drivers\STM32F4xx_HAL_Driver\Src\stm32f4xx_hal_tim.o
 .ARM.attributes
                0x00000000       0x39 Drivers\STM32F4xx_HAL_Driver\Src\stm32f4xx_hal_tim.o
 .text          0x00000000        0x0 Drivers\STM32F4xx_HAL_Driver\Src\stm32f4xx_hal_tim_ex.o
 .data          0x00000000        0x0 Drivers\STM32F4xx_HAL_Driver\Src\stm32f4xx_hal_tim_ex.o
 .bss           0x00000000        0x0 Drivers\STM32F4xx_HAL_Driver\Src\stm32f4xx_hal_tim_ex.o
 .debug_info    0x00000000      0x16b Drivers\STM32F4xx_HAL_Driver\Src\stm32f4xx_hal_tim_ex.o
 .debug_abbrev  0x00000000       0x8d Drivers\STM32F4xx_HAL_Driver\Src\stm32f4xx_hal_tim_ex.o
 .debug_aranges
                0x00000000       0x18 Drivers\STM32F4xx_HAL_Driver\Src\stm32f4xx_hal_tim_ex.o
 .debug_line    0x00000000      0x1a3 Drivers\STM32F4xx_HAL_Driver\Src\stm32f4xx_hal_tim_ex.o
 .debug_str     0x00000000      0x2ac Drivers\STM32F4xx_HAL_Driver\Src\stm32f4xx_hal_tim_ex.o
 .comment       0x00000000       0x7d Drivers\STM32F4xx_HAL_Driver\Src\stm32f4xx_hal_tim_ex.o
 .ARM.attributes
                0x00000000       0x39 Drivers\STM32F4xx_HAL_Driver\Src\stm32f4xx_hal_tim_ex.o
 .text          0x00000000       0x14 startup\startup_stm32f407xx.o
 .data          0x00000000        0x0 startup\startup_stm32f407xx.o
 .bss           0x00000000        0x0 startup\startup_stm32f407xx.o
 .text          0x00000000        0x0 c:/program files (x86)/atollic/truestudio for stm32 9.3.0/armtools/bin/../lib/gcc/arm-atollic-eabi/6.3.1/../../../../arm-atollic-eabi/lib/armv7e-m/fpu\libc_nano.a(lib_a-errno.o)
 .data          0x00000000        0x0 c:/program files (x86)/atollic/truestudio for stm32 9.3.0/armtools/bin/../lib/gcc/arm-atollic-eabi/6.3.1/../../../../arm-atollic-eabi/lib/armv7e-m/fpu\libc_nano.a(lib_a-errno.o)
 .bss           0x00000000        0x0 c:/program files (x86)/atollic/truestudio for stm32 9.3.0/armtools/bin/../lib/gcc/arm-atollic-eabi/6.3.1/../../../../arm-atollic-eabi/lib/armv7e-m/fpu\libc_nano.a(lib_a-errno.o)
 .text.__errno  0x00000000        0xc c:/program files (x86)/atollic/truestudio for stm32 9.3.0/armtools/bin/../lib/gcc/arm-atollic-eabi/6.3.1/../../../../arm-atollic-eabi/lib/armv7e-m/fpu\libc_nano.a(lib_a-errno.o)
 .debug_frame   0x00000000       0x20 c:/program files (x86)/atollic/truestudio for stm32 9.3.0/armtools/bin/../lib/gcc/arm-atollic-eabi/6.3.1/../../../../arm-atollic-eabi/lib/armv7e-m/fpu\libc_nano.a(lib_a-errno.o)
 .ARM.attributes
                0x00000000       0x34 c:/program files (x86)/atollic/truestudio for stm32 9.3.0/armtools/bin/../lib/gcc/arm-atollic-eabi/6.3.1/../../../../arm-atollic-eabi/lib/armv7e-m/fpu\libc_nano.a(lib_a-errno.o)
 .text          0x00000000        0x0 c:/program files (x86)/atollic/truestudio for stm32 9.3.0/armtools/bin/../lib/gcc/arm-atollic-eabi/6.3.1/../../../../arm-atollic-eabi/lib/armv7e-m/fpu\libc_nano.a(lib_a-impure.o)
 .data          0x00000000        0x0 c:/program files (x86)/atollic/truestudio for stm32 9.3.0/armtools/bin/../lib/gcc/arm-atollic-eabi/6.3.1/../../../../arm-atollic-eabi/lib/armv7e-m/fpu\libc_nano.a(lib_a-impure.o)
 .bss           0x00000000        0x0 c:/program files (x86)/atollic/truestudio for stm32 9.3.0/armtools/bin/../lib/gcc/arm-atollic-eabi/6.3.1/../../../../arm-atollic-eabi/lib/armv7e-m/fpu\libc_nano.a(lib_a-impure.o)
 .data._impure_ptr
                0x00000000        0x4 c:/program files (x86)/atollic/truestudio for stm32 9.3.0/armtools/bin/../lib/gcc/arm-atollic-eabi/6.3.1/../../../../arm-atollic-eabi/lib/armv7e-m/fpu\libc_nano.a(lib_a-impure.o)
 .data.impure_data
                0x00000000       0x60 c:/program files (x86)/atollic/truestudio for stm32 9.3.0/armtools/bin/../lib/gcc/arm-atollic-eabi/6.3.1/../../../../arm-atollic-eabi/lib/armv7e-m/fpu\libc_nano.a(lib_a-impure.o)
 .rodata._global_impure_ptr
                0x00000000        0x4 c:/program files (x86)/atollic/truestudio for stm32 9.3.0/armtools/bin/../lib/gcc/arm-atollic-eabi/6.3.1/../../../../arm-atollic-eabi/lib/armv7e-m/fpu\libc_nano.a(lib_a-impure.o)
 .ARM.attributes
                0x00000000       0x34 c:/program files (x86)/atollic/truestudio for stm32 9.3.0/armtools/bin/../lib/gcc/arm-atollic-eabi/6.3.1/../../../../arm-atollic-eabi/lib/armv7e-m/fpu\libc_nano.a(lib_a-impure.o)
 .text          0x00000000        0x0 c:/program files (x86)/atollic/truestudio for stm32 9.3.0/armtools/bin/../lib/gcc/arm-atollic-eabi/6.3.1/../../../../arm-atollic-eabi/lib/armv7e-m/fpu\libc_nano.a(lib_a-init.o)
 .data          0x00000000        0x0 c:/program files (x86)/atollic/truestudio for stm32 9.3.0/armtools/bin/../lib/gcc/arm-atollic-eabi/6.3.1/../../../../arm-atollic-eabi/lib/armv7e-m/fpu\libc_nano.a(lib_a-init.o)
 .bss           0x00000000        0x0 c:/program files (x86)/atollic/truestudio for stm32 9.3.0/armtools/bin/../lib/gcc/arm-atollic-eabi/6.3.1/../../../../arm-atollic-eabi/lib/armv7e-m/fpu\libc_nano.a(lib_a-init.o)
 .text          0x00000000        0x0 c:/program files (x86)/atollic/truestudio for stm32 9.3.0/armtools/bin/../lib/gcc/arm-atollic-eabi/6.3.1/../../../../arm-atollic-eabi/lib/armv7e-m/fpu\libc_nano.a(lib_a-memset.o)
 .data          0x00000000        0x0 c:/program files (x86)/atollic/truestudio for stm32 9.3.0/armtools/bin/../lib/gcc/arm-atollic-eabi/6.3.1/../../../../arm-atollic-eabi/lib/armv7e-m/fpu\libc_nano.a(lib_a-memset.o)
 .bss           0x00000000        0x0 c:/program files (x86)/atollic/truestudio for stm32 9.3.0/armtools/bin/../lib/gcc/arm-atollic-eabi/6.3.1/../../../../arm-atollic-eabi/lib/armv7e-m/fpu\libc_nano.a(lib_a-memset.o)
 .data          0x00000000        0x0 c:/program files (x86)/atollic/truestudio for stm32 9.3.0/armtools/bin/../lib/gcc/arm-atollic-eabi/6.3.1/armv7e-m/fpu\libgcc.a(_aeabi_uldivmod.o)
 .bss           0x00000000        0x0 c:/program files (x86)/atollic/truestudio for stm32 9.3.0/armtools/bin/../lib/gcc/arm-atollic-eabi/6.3.1/armv7e-m/fpu\libgcc.a(_aeabi_uldivmod.o)
 .data          0x00000000        0x0 c:/program files (x86)/atollic/truestudio for stm32 9.3.0/armtools/bin/../lib/gcc/arm-atollic-eabi/6.3.1/armv7e-m/fpu\libgcc.a(_udivmoddi4.o)
 .bss           0x00000000        0x0 c:/program files (x86)/atollic/truestudio for stm32 9.3.0/armtools/bin/../lib/gcc/arm-atollic-eabi/6.3.1/armv7e-m/fpu\libgcc.a(_udivmoddi4.o)
 .ARM.extab     0x00000000        0x0 c:/program files (x86)/atollic/truestudio for stm32 9.3.0/armtools/bin/../lib/gcc/arm-atollic-eabi/6.3.1/armv7e-m/fpu\libgcc.a(_udivmoddi4.o)
 .data          0x00000000        0x0 c:/program files (x86)/atollic/truestudio for stm32 9.3.0/armtools/bin/../lib/gcc/arm-atollic-eabi/6.3.1/armv7e-m/fpu\libgcc.a(_dvmd_tls.o)
 .bss           0x00000000        0x0 c:/program files (x86)/atollic/truestudio for stm32 9.3.0/armtools/bin/../lib/gcc/arm-atollic-eabi/6.3.1/armv7e-m/fpu\libgcc.a(_dvmd_tls.o)
 .text          0x00000000        0x0 c:/program files (x86)/atollic/truestudio for stm32 9.3.0/armtools/bin/../lib/gcc/arm-atollic-eabi/6.3.1/armv7e-m/fpu/crtend.o
 .data          0x00000000        0x0 c:/program files (x86)/atollic/truestudio for stm32 9.3.0/armtools/bin/../lib/gcc/arm-atollic-eabi/6.3.1/armv7e-m/fpu/crtend.o
 .bss           0x00000000        0x0 c:/program files (x86)/atollic/truestudio for stm32 9.3.0/armtools/bin/../lib/gcc/arm-atollic-eabi/6.3.1/armv7e-m/fpu/crtend.o
 .eh_frame      0x00000000        0x4 c:/program files (x86)/atollic/truestudio for stm32 9.3.0/armtools/bin/../lib/gcc/arm-atollic-eabi/6.3.1/armv7e-m/fpu/crtend.o
 .ARM.attributes
                0x00000000       0x34 c:/program files (x86)/atollic/truestudio for stm32 9.3.0/armtools/bin/../lib/gcc/arm-atollic-eabi/6.3.1/armv7e-m/fpu/crtend.o
 .text          0x00000000        0x0 c:/program files (x86)/atollic/truestudio for stm32 9.3.0/armtools/bin/../lib/gcc/arm-atollic-eabi/6.3.1/armv7e-m/fpu/crtn.o
 .data          0x00000000        0x0 c:/program files (x86)/atollic/truestudio for stm32 9.3.0/armtools/bin/../lib/gcc/arm-atollic-eabi/6.3.1/armv7e-m/fpu/crtn.o
 .bss           0x00000000        0x0 c:/program files (x86)/atollic/truestudio for stm32 9.3.0/armtools/bin/../lib/gcc/arm-atollic-eabi/6.3.1/armv7e-m/fpu/crtn.o

Memory Configuration

Name             Origin             Length             Attributes
RAM              0x20000000         0x00020000         xrw
CCMRAM           0x10000000         0x00010000         xrw
FLASH            0x08000000         0x00100000         xr
*default*        0x00000000         0xffffffff

Linker script and memory map

LOAD c:/program files (x86)/atollic/truestudio for stm32 9.3.0/armtools/bin/../lib/gcc/arm-atollic-eabi/6.3.1/armv7e-m/fpu/crti.o
LOAD c:/program files (x86)/atollic/truestudio for stm32 9.3.0/armtools/bin/../lib/gcc/arm-atollic-eabi/6.3.1/armv7e-m/fpu/crtbegin.o
LOAD Core\Src\i2c-lcd.o
LOAD Core\Src\main.o
LOAD Core\Src\stm32f4xx_hal_msp.o
LOAD Core\Src\stm32f4xx_it.o
LOAD Core\Src\syscalls.o
LOAD Core\Src\system_stm32f4xx.o
LOAD Drivers\STM32F4xx_HAL_Driver\Src\stm32f4xx_hal.o
LOAD Drivers\STM32F4xx_HAL_Driver\Src\stm32f4xx_hal_cortex.o
LOAD Drivers\STM32F4xx_HAL_Driver\Src\stm32f4xx_hal_dma.o
LOAD Drivers\STM32F4xx_HAL_Driver\Src\stm32f4xx_hal_dma_ex.o
LOAD Drivers\STM32F4xx_HAL_Driver\Src\stm32f4xx_hal_exti.o
LOAD Drivers\STM32F4xx_HAL_Driver\Src\stm32f4xx_hal_flash.o
LOAD Drivers\STM32F4xx_HAL_Driver\Src\stm32f4xx_hal_flash_ex.o
LOAD Drivers\STM32F4xx_HAL_Driver\Src\stm32f4xx_hal_flash_ramfunc.o
LOAD Drivers\STM32F4xx_HAL_Driver\Src\stm32f4xx_hal_gpio.o
LOAD Drivers\STM32F4xx_HAL_Driver\Src\stm32f4xx_hal_i2c.o
LOAD Drivers\STM32F4xx_HAL_Driver\Src\stm32f4xx_hal_i2c_ex.o
LOAD Drivers\STM32F4xx_HAL_Driver\Src\stm32f4xx_hal_pwr.o
LOAD Drivers\STM32F4xx_HAL_Driver\Src\stm32f4xx_hal_pwr_ex.o
LOAD Drivers\STM32F4xx_HAL_Driver\Src\stm32f4xx_hal_rcc.o
LOAD Drivers\STM32F4xx_HAL_Driver\Src\stm32f4xx_hal_rcc_ex.o
LOAD Drivers\STM32F4xx_HAL_Driver\Src\stm32f4xx_hal_tim.o
LOAD Drivers\STM32F4xx_HAL_Driver\Src\stm32f4xx_hal_tim_ex.o
LOAD startup\startup_stm32f407xx.o
                0x00000080                malloc_getpagesize_P = 0x80
START GROUP
LOAD c:/program files (x86)/atollic/truestudio for stm32 9.3.0/armtools/bin/../lib/gcc/arm-atollic-eabi/6.3.1/../../../../arm-atollic-eabi/lib/armv7e-m/fpu\libc_nano.a
LOAD c:/program files (x86)/atollic/truestudio for stm32 9.3.0/armtools/bin/../lib/gcc/arm-atollic-eabi/6.3.1/../../../../arm-atollic-eabi/lib/armv7e-m/fpu\libm.a
END GROUP
START GROUP
LOAD c:/program files (x86)/atollic/truestudio for stm32 9.3.0/armtools/bin/../lib/gcc/arm-atollic-eabi/6.3.1/armv7e-m/fpu\libgcc.a
LOAD c:/program files (x86)/atollic/truestudio for stm32 9.3.0/armtools/bin/../lib/gcc/arm-atollic-eabi/6.3.1/../../../../arm-atollic-eabi/lib/armv7e-m/fpu\libc_nano.a
END GROUP
START GROUP
LOAD c:/program files (x86)/atollic/truestudio for stm32 9.3.0/armtools/bin/../lib/gcc/arm-atollic-eabi/6.3.1/armv7e-m/fpu\libgcc.a
LOAD c:/program files (x86)/atollic/truestudio for stm32 9.3.0/armtools/bin/../lib/gcc/arm-atollic-eabi/6.3.1/../../../../arm-atollic-eabi/lib/armv7e-m/fpu\libc_nano.a
LOAD c:/program files (x86)/atollic/truestudio for stm32 9.3.0/armtools/bin/../lib/gcc/arm-atollic-eabi/6.3.1/../../../../arm-atollic-eabi/lib/armv7e-m/fpu\libnosys.a
END GROUP
START GROUP
LOAD c:/program files (x86)/atollic/truestudio for stm32 9.3.0/armtools/bin/../lib/gcc/arm-atollic-eabi/6.3.1/armv7e-m/fpu\libgcc.a
LOAD c:/program files (x86)/atollic/truestudio for stm32 9.3.0/armtools/bin/../lib/gcc/arm-atollic-eabi/6.3.1/../../../../arm-atollic-eabi/lib/armv7e-m/fpu\libc_nano.a
LOAD c:/program files (x86)/atollic/truestudio for stm32 9.3.0/armtools/bin/../lib/gcc/arm-atollic-eabi/6.3.1/../../../../arm-atollic-eabi/lib/armv7e-m/fpu\libnosys.a
END GROUP
LOAD c:/program files (x86)/atollic/truestudio for stm32 9.3.0/armtools/bin/../lib/gcc/arm-atollic-eabi/6.3.1/armv7e-m/fpu/crtend.o
LOAD c:/program files (x86)/atollic/truestudio for stm32 9.3.0/armtools/bin/../lib/gcc/arm-atollic-eabi/6.3.1/armv7e-m/fpu/crtn.o
                0x20020000                _estack = 0x20020000
                0x00000200                _Min_Heap_Size = 0x200
                0x00000400                _Min_Stack_Size = 0x400

.isr_vector     0x08000000      0x188
                0x08000000                . = ALIGN (0x4)
 *(.isr_vector)
 .isr_vector    0x08000000      0x188 startup\startup_stm32f407xx.o
                0x08000000                g_pfnVectors
                0x08000188                . = ALIGN (0x4)

.text           0x08000188     0x1eb4
                0x08000188                . = ALIGN (0x4)
 *(.text)
 .text          0x08000188       0x40 c:/program files (x86)/atollic/truestudio for stm32 9.3.0/armtools/bin/../lib/gcc/arm-atollic-eabi/6.3.1/armv7e-m/fpu/crtbegin.o
 .text          0x080001c8       0x30 c:/program files (x86)/atollic/truestudio for stm32 9.3.0/armtools/bin/../lib/gcc/arm-atollic-eabi/6.3.1/armv7e-m/fpu\libgcc.a(_aeabi_uldivmod.o)
                0x080001c8                __aeabi_uldivmod
 .text          0x080001f8      0x2dc c:/program files (x86)/atollic/truestudio for stm32 9.3.0/armtools/bin/../lib/gcc/arm-atollic-eabi/6.3.1/armv7e-m/fpu\libgcc.a(_udivmoddi4.o)
                0x080001f8                __udivmoddi4
 .text          0x080004d4        0x4 c:/program files (x86)/atollic/truestudio for stm32 9.3.0/armtools/bin/../lib/gcc/arm-atollic-eabi/6.3.1/armv7e-m/fpu\libgcc.a(_dvmd_tls.o)
                0x080004d4                __aeabi_idiv0
                0x080004d4                __aeabi_ldiv0
 *(.text*)
 .text.lcd_init
                0x080004d8       0x20 Core\Src\i2c-lcd.o
                0x080004d8                lcd_init
 .text.lcd_send_cmd
                0x080004f8       0x60 Core\Src\i2c-lcd.o
                0x080004f8                lcd_send_cmd
 .text.lcd_send_data
                0x08000558       0x60 Core\Src\i2c-lcd.o
                0x08000558                lcd_send_data
 .text.lcd_sende_string
                0x080005b8       0x28 Core\Src\i2c-lcd.o
                0x080005b8                lcd_sende_string
 .text.main     0x080005e0       0x24 Core\Src\main.o
                0x080005e0                main
 .text.SystemClock_Config
                0x08000604       0xbc Core\Src\main.o
                0x08000604                SystemClock_Config
 .text.MX_I2C2_Init
                0x080006c0       0x5c Core\Src\main.o
 .text.MX_GPIO_Init
                0x0800071c       0x34 Core\Src\main.o
 .text.Error_Handler
                0x08000750        0x8 Core\Src\main.o
                0x08000750                Error_Handler
 .text.HAL_MspInit
                0x08000758       0x50 Core\Src\stm32f4xx_hal_msp.o
                0x08000758                HAL_MspInit
 .text.HAL_I2C_MspInit
                0x080007a8       0x90 Core\Src\stm32f4xx_hal_msp.o
                0x080007a8                HAL_I2C_MspInit
 .text.NMI_Handler
                0x08000838        0x6 Core\Src\stm32f4xx_it.o
                0x08000838                NMI_Handler
 .text.HardFault_Handler
                0x0800083e        0x6 Core\Src\stm32f4xx_it.o
                0x0800083e                HardFault_Handler
 .text.MemManage_Handler
                0x08000844        0x6 Core\Src\stm32f4xx_it.o
                0x08000844                MemManage_Handler
 .text.BusFault_Handler
                0x0800084a        0x6 Core\Src\stm32f4xx_it.o
                0x0800084a                BusFault_Handler
 .text.UsageFault_Handler
                0x08000850        0x6 Core\Src\stm32f4xx_it.o
                0x08000850                UsageFault_Handler
 .text.SVC_Handler
                0x08000856        0xe Core\Src\stm32f4xx_it.o
                0x08000856                SVC_Handler
 .text.DebugMon_Handler
                0x08000864        0xe Core\Src\stm32f4xx_it.o
                0x08000864                DebugMon_Handler
 .text.PendSV_Handler
                0x08000872        0xe Core\Src\stm32f4xx_it.o
                0x08000872                PendSV_Handler
 .text.SysTick_Handler
                0x08000880        0xc Core\Src\stm32f4xx_it.o
                0x08000880                SysTick_Handler
 .text.SystemInit
                0x0800088c       0x24 Core\Src\system_stm32f4xx.o
                0x0800088c                SystemInit
 .text.HAL_Init
                0x080008b0       0x44 Drivers\STM32F4xx_HAL_Driver\Src\stm32f4xx_hal.o
                0x080008b0                HAL_Init
 .text.HAL_InitTick
                0x080008f4       0x60 Drivers\STM32F4xx_HAL_Driver\Src\stm32f4xx_hal.o
                0x080008f4                HAL_InitTick
 .text.HAL_IncTick
                0x08000954       0x28 Drivers\STM32F4xx_HAL_Driver\Src\stm32f4xx_hal.o
                0x08000954                HAL_IncTick
 .text.HAL_GetTick
                0x0800097c       0x18 Drivers\STM32F4xx_HAL_Driver\Src\stm32f4xx_hal.o
                0x0800097c                HAL_GetTick
 .text.__NVIC_SetPriorityGrouping
                0x08000994       0x48 Drivers\STM32F4xx_HAL_Driver\Src\stm32f4xx_hal_cortex.o
 .text.__NVIC_GetPriorityGrouping
                0x080009dc       0x1c Drivers\STM32F4xx_HAL_Driver\Src\stm32f4xx_hal_cortex.o
 .text.__NVIC_SetPriority
                0x080009f8       0x54 Drivers\STM32F4xx_HAL_Driver\Src\stm32f4xx_hal_cortex.o
 .text.NVIC_EncodePriority
                0x08000a4c       0x62 Drivers\STM32F4xx_HAL_Driver\Src\stm32f4xx_hal_cortex.o
 *fill*         0x08000aae        0x2 
 .text.SysTick_Config
                0x08000ab0       0x44 Drivers\STM32F4xx_HAL_Driver\Src\stm32f4xx_hal_cortex.o
 .text.HAL_NVIC_SetPriorityGrouping
                0x08000af4       0x16 Drivers\STM32F4xx_HAL_Driver\Src\stm32f4xx_hal_cortex.o
                0x08000af4                HAL_NVIC_SetPriorityGrouping
 .text.HAL_NVIC_SetPriority
                0x08000b0a       0x38 Drivers\STM32F4xx_HAL_Driver\Src\stm32f4xx_hal_cortex.o
                0x08000b0a                HAL_NVIC_SetPriority
 .text.HAL_SYSTICK_Config
                0x08000b42       0x18 Drivers\STM32F4xx_HAL_Driver\Src\stm32f4xx_hal_cortex.o
                0x08000b42                HAL_SYSTICK_Config
 *fill*         0x08000b5a        0x2 
 .text.HAL_GPIO_Init
                0x08000b5c      0x334 Drivers\STM32F4xx_HAL_Driver\Src\stm32f4xx_hal_gpio.o
                0x08000b5c                HAL_GPIO_Init
 .text.HAL_I2C_Init
                0x08000e90      0x270 Drivers\STM32F4xx_HAL_Driver\Src\stm32f4xx_hal_i2c.o
                0x08000e90                HAL_I2C_Init
 .text.HAL_I2C_Master_Transmit
                0x08001100      0x1fc Drivers\STM32F4xx_HAL_Driver\Src\stm32f4xx_hal_i2c.o
                0x08001100                HAL_I2C_Master_Transmit
 .text.I2C_MasterRequestWrite
                0x080012fc      0x104 Drivers\STM32F4xx_HAL_Driver\Src\stm32f4xx_hal_i2c.o
 .text.I2C_WaitOnFlagUntilTimeout
                0x08001400       0xae Drivers\STM32F4xx_HAL_Driver\Src\stm32f4xx_hal_i2c.o
 .text.I2C_WaitOnMasterAddressFlagUntilTimeout
                0x080014ae       0xfe Drivers\STM32F4xx_HAL_Driver\Src\stm32f4xx_hal_i2c.o
 .text.I2C_WaitOnTXEFlagUntilTimeout
                0x080015ac       0x82 Drivers\STM32F4xx_HAL_Driver\Src\stm32f4xx_hal_i2c.o
 .text.I2C_WaitOnBTFFlagUntilTimeout
                0x0800162e       0x82 Drivers\STM32F4xx_HAL_Driver\Src\stm32f4xx_hal_i2c.o
 .text.I2C_IsAcknowledgeFailed
                0x080016b0       0x5e Drivers\STM32F4xx_HAL_Driver\Src\stm32f4xx_hal_i2c.o
 *fill*         0x0800170e        0x2 
 .text.HAL_RCC_OscConfig
                0x08001710      0x4f0 Drivers\STM32F4xx_HAL_Driver\Src\stm32f4xx_hal_rcc.o
                0x08001710                HAL_RCC_OscConfig
 .text.HAL_RCC_ClockConfig
                0x08001c00      0x1cc Drivers\STM32F4xx_HAL_Driver\Src\stm32f4xx_hal_rcc.o
                0x08001c00                HAL_RCC_ClockConfig
 .text.HAL_RCC_GetSysClockFreq
                0x08001dcc      0x16c Drivers\STM32F4xx_HAL_Driver\Src\stm32f4xx_hal_rcc.o
                0x08001dcc                HAL_RCC_GetSysClockFreq
 .text.HAL_RCC_GetHCLKFreq
                0x08001f38       0x18 Drivers\STM32F4xx_HAL_Driver\Src\stm32f4xx_hal_rcc.o
                0x08001f38                HAL_RCC_GetHCLKFreq
 .text.HAL_RCC_GetPCLK1Freq
                0x08001f50       0x28 Drivers\STM32F4xx_HAL_Driver\Src\stm32f4xx_hal_rcc.o
                0x08001f50                HAL_RCC_GetPCLK1Freq
 .text.Reset_Handler
                0x08001f78       0x50 startup\startup_stm32f407xx.o
                0x08001f78                Reset_Handler
 .text.Default_Handler
                0x08001fc8        0x2 startup\startup_stm32f407xx.o
                0x08001fc8                RTC_Alarm_IRQHandler
                0x08001fc8                HASH_RNG_IRQHandler
                0x08001fc8                EXTI2_IRQHandler
                0x08001fc8                TIM8_CC_IRQHandler
                0x08001fc8                TIM1_CC_IRQHandler
                0x08001fc8                DMA2_Stream5_IRQHandler
                0x08001fc8                DMA1_Stream5_IRQHandler
                0x08001fc8                PVD_IRQHandler
                0x08001fc8                SDIO_IRQHandler
                0x08001fc8                TAMP_STAMP_IRQHandler
                0x08001fc8                CAN2_RX1_IRQHandler
                0x08001fc8                EXTI3_IRQHandler
                0x08001fc8                TIM8_TRG_COM_TIM14_IRQHandler
                0x08001fc8                TIM1_UP_TIM10_IRQHandler
                0x08001fc8                TIM8_UP_TIM13_IRQHandler
                0x08001fc8                I2C3_ER_IRQHandler
                0x08001fc8                EXTI0_IRQHandler
                0x08001fc8                I2C2_EV_IRQHandler
                0x08001fc8                DMA1_Stream2_IRQHandler
                0x08001fc8                CAN1_RX0_IRQHandler
                0x08001fc8                FPU_IRQHandler
                0x08001fc8                OTG_HS_WKUP_IRQHandler
                0x08001fc8                CAN2_SCE_IRQHandler
                0x08001fc8                DMA2_Stream2_IRQHandler
                0x08001fc8                SPI1_IRQHandler
                0x08001fc8                TIM6_DAC_IRQHandler
                0x08001fc8                TIM1_BRK_TIM9_IRQHandler
                0x08001fc8                DCMI_IRQHandler
                0x08001fc8                CAN2_RX0_IRQHandler
                0x08001fc8                DMA2_Stream3_IRQHandler
                0x08001fc8                USART6_IRQHandler
                0x08001fc8                USART3_IRQHandler
                0x08001fc8                CAN1_RX1_IRQHandler
                0x08001fc8                UART5_IRQHandler
                0x08001fc8                DMA2_Stream0_IRQHandler
                0x08001fc8                TIM4_IRQHandler
                0x08001fc8                I2C1_EV_IRQHandler
                0x08001fc8                DMA1_Stream6_IRQHandler
                0x08001fc8                DMA1_Stream1_IRQHandler
                0x08001fc8                UART4_IRQHandler
                0x08001fc8                TIM3_IRQHandler
                0x08001fc8                RCC_IRQHandler
                0x08001fc8                TIM8_BRK_TIM12_IRQHandler
                0x08001fc8                Default_Handler
                0x08001fc8                EXTI15_10_IRQHandler
                0x08001fc8                ADC_IRQHandler
                0x08001fc8                DMA1_Stream7_IRQHandler
                0x08001fc8                TIM7_IRQHandler
                0x08001fc8                CAN2_TX_IRQHandler
                0x08001fc8                TIM5_IRQHandler
                0x08001fc8                DMA2_Stream7_IRQHandler
                0x08001fc8                I2C3_EV_IRQHandler
                0x08001fc8                EXTI9_5_IRQHandler
                0x08001fc8                RTC_WKUP_IRQHandler
                0x08001fc8                ETH_WKUP_IRQHandler
                0x08001fc8                SPI2_IRQHandler
                0x08001fc8                OTG_HS_EP1_IN_IRQHandler
                0x08001fc8                DMA1_Stream0_IRQHandler
                0x08001fc8                CAN1_TX_IRQHandler
                0x08001fc8                EXTI4_IRQHandler
                0x08001fc8                FSMC_IRQHandler
                0x08001fc8                ETH_IRQHandler
                0x08001fc8                OTG_HS_EP1_OUT_IRQHandler
                0x08001fc8                WWDG_IRQHandler
                0x08001fc8                TIM2_IRQHandler
                0x08001fc8                OTG_FS_WKUP_IRQHandler
                0x08001fc8                TIM1_TRG_COM_TIM11_IRQHandler
                0x08001fc8                OTG_HS_IRQHandler
                0x08001fc8                EXTI1_IRQHandler
                0x08001fc8                USART2_IRQHandler
                0x08001fc8                I2C2_ER_IRQHandler
                0x08001fc8                DMA2_Stream1_IRQHandler
                0x08001fc8                CAN1_SCE_IRQHandler
                0x08001fc8                FLASH_IRQHandler
                0x08001fc8                DMA2_Stream4_IRQHandler
                0x08001fc8                USART1_IRQHandler
                0x08001fc8                OTG_FS_IRQHandler
                0x08001fc8                SPI3_IRQHandler
                0x08001fc8                DMA1_Stream4_IRQHandler
                0x08001fc8                I2C1_ER_IRQHandler
                0x08001fc8                DMA2_Stream6_IRQHandler
                0x08001fc8                DMA1_Stream3_IRQHandler
 *fill*         0x08001fca        0x2 
 .text.__libc_init_array
                0x08001fcc       0x48 c:/program files (x86)/atollic/truestudio for stm32 9.3.0/armtools/bin/../lib/gcc/arm-atollic-eabi/6.3.1/../../../../arm-atollic-eabi/lib/armv7e-m/fpu\libc_nano.a(lib_a-init.o)
                0x08001fcc                __libc_init_array
 .text.memset   0x08002014       0x10 c:/program files (x86)/atollic/truestudio for stm32 9.3.0/armtools/bin/../lib/gcc/arm-atollic-eabi/6.3.1/../../../../arm-atollic-eabi/lib/armv7e-m/fpu\libc_nano.a(lib_a-memset.o)
                0x08002014                memset
 *(.glue_7)
 .glue_7        0x08002024        0x0 linker stubs
 *(.glue_7t)
 .glue_7t       0x08002024        0x0 linker stubs
 *(.eh_frame)
 .eh_frame      0x08002024        0x0 c:/program files (x86)/atollic/truestudio for stm32 9.3.0/armtools/bin/../lib/gcc/arm-atollic-eabi/6.3.1/armv7e-m/fpu/crtbegin.o
 *(.init)
 .init          0x08002024        0x4 c:/program files (x86)/atollic/truestudio for stm32 9.3.0/armtools/bin/../lib/gcc/arm-atollic-eabi/6.3.1/armv7e-m/fpu/crti.o
                0x08002024                _init
 .init          0x08002028        0x8 c:/program files (x86)/atollic/truestudio for stm32 9.3.0/armtools/bin/../lib/gcc/arm-atollic-eabi/6.3.1/armv7e-m/fpu/crtn.o
 *(.fini)
 .fini          0x08002030        0x4 c:/program files (x86)/atollic/truestudio for stm32 9.3.0/armtools/bin/../lib/gcc/arm-atollic-eabi/6.3.1/armv7e-m/fpu/crti.o
                0x08002030                _fini
 .fini          0x08002034        0x8 c:/program files (x86)/atollic/truestudio for stm32 9.3.0/armtools/bin/../lib/gcc/arm-atollic-eabi/6.3.1/armv7e-m/fpu/crtn.o
                0x0800203c                . = ALIGN (0x4)
                0x0800203c                _etext = .

.vfp11_veneer   0x0800203c        0x0
 .vfp11_veneer  0x0800203c        0x0 linker stubs

.v4_bx          0x0800203c        0x0
 .v4_bx         0x0800203c        0x0 linker stubs

.iplt           0x0800203c        0x0
 .iplt          0x0800203c        0x0 c:/program files (x86)/atollic/truestudio for stm32 9.3.0/armtools/bin/../lib/gcc/arm-atollic-eabi/6.3.1/armv7e-m/fpu/crtbegin.o

.rodata         0x0800203c       0x20
                0x0800203c                . = ALIGN (0x4)
 *(.rodata)
 .rodata        0x0800203c        0x6 Core\Src\main.o
 *(.rodata*)
 *fill*         0x08002042        0x2 
 .rodata.AHBPrescTable
                0x08002044       0x10 Core\Src\system_stm32f4xx.o
                0x08002044                AHBPrescTable
 .rodata.APBPrescTable
                0x08002054        0x8 Core\Src\system_stm32f4xx.o
                0x08002054                APBPrescTable
                0x0800205c                . = ALIGN (0x4)

.ARM.extab
 *(.ARM.extab* .gnu.linkonce.armextab.*)

.ARM            0x0800205c        0x8
                0x0800205c                __exidx_start = .
 *(.ARM.exidx*)
 .ARM.exidx     0x0800205c        0x8 c:/program files (x86)/atollic/truestudio for stm32 9.3.0/armtools/bin/../lib/gcc/arm-atollic-eabi/6.3.1/armv7e-m/fpu\libgcc.a(_udivmoddi4.o)
                0x08002064                __exidx_end = .

.rel.dyn        0x08002064        0x0
 .rel.iplt      0x08002064        0x0 c:/program files (x86)/atollic/truestudio for stm32 9.3.0/armtools/bin/../lib/gcc/arm-atollic-eabi/6.3.1/armv7e-m/fpu/crtbegin.o

.preinit_array  0x08002064        0x0
                0x08002064                PROVIDE (__preinit_array_start, .)
 *(.preinit_array*)
                0x08002064                PROVIDE (__preinit_array_end, .)

.init_array     0x08002064        0x4
                0x08002064                PROVIDE (__init_array_start, .)
 *(SORT(.init_array.*))
 *(.init_array*)
 .init_array    0x08002064        0x4 c:/program files (x86)/atollic/truestudio for stm32 9.3.0/armtools/bin/../lib/gcc/arm-atollic-eabi/6.3.1/armv7e-m/fpu/crtbegin.o
                0x08002068                PROVIDE (__init_array_end, .)

.fini_array     0x08002068        0x4
                [!provide]                PROVIDE (__fini_array_start, .)
 *(SORT(.fini_array.*))
 *(.fini_array*)
 .fini_array    0x08002068        0x4 c:/program files (x86)/atollic/truestudio for stm32 9.3.0/armtools/bin/../lib/gcc/arm-atollic-eabi/6.3.1/armv7e-m/fpu/crtbegin.o
                [!provide]                PROVIDE (__fini_array_end, .)
                0x0800206c                _sidata = LOADADDR (.data)

.data           0x20000000        0xc load address 0x0800206c
                0x20000000                . = ALIGN (0x4)
                0x20000000                _sdata = .
 *(.data)
 *(.data*)
 .data.SystemCoreClock
                0x20000000        0x4 Core\Src\system_stm32f4xx.o
                0x20000000                SystemCoreClock
 .data.uwTickPrio
                0x20000004        0x4 Drivers\STM32F4xx_HAL_Driver\Src\stm32f4xx_hal.o
                0x20000004                uwTickPrio
 .data.uwTickFreq
                0x20000008        0x1 Drivers\STM32F4xx_HAL_Driver\Src\stm32f4xx_hal.o
                0x20000008                uwTickFreq
                0x2000000c                . = ALIGN (0x4)
 *fill*         0x20000009        0x3 
                0x2000000c                _edata = .
                0x08002078                _siccmram = LOADADDR (.ccmram)

.igot.plt       0x2000000c        0x0 load address 0x08002078
 .igot.plt      0x2000000c        0x0 c:/program files (x86)/atollic/truestudio for stm32 9.3.0/armtools/bin/../lib/gcc/arm-atollic-eabi/6.3.1/armv7e-m/fpu/crtbegin.o

.ccmram         0x10000000        0x0 load address 0x08002078
                0x10000000                . = ALIGN (0x4)
                0x10000000                _sccmram = .
 *(.ccmram)
 *(.ccmram*)
                0x10000000                . = ALIGN (0x4)
                0x10000000                _eccmram = .
                0x10000000                . = ALIGN (0x4)

.bss            0x2000000c       0x74
                0x2000000c                _sbss = .
                0x2000000c                __bss_start__ = _sbss
 *(.bss)
 .bss           0x2000000c       0x1c c:/program files (x86)/atollic/truestudio for stm32 9.3.0/armtools/bin/../lib/gcc/arm-atollic-eabi/6.3.1/armv7e-m/fpu/crtbegin.o
 *(.bss*)
 *(COMMON)
 COMMON         0x20000028       0x54 Core\Src\main.o
                0x20000028                hi2c2
 COMMON         0x2000007c        0x4 Drivers\STM32F4xx_HAL_Driver\Src\stm32f4xx_hal.o
                0x2000007c                uwTick
                0x20000080                . = ALIGN (0x4)
                0x20000080                _ebss = .
                0x20000080                __bss_end__ = _ebss

._user_heap_stack
                0x20000080      0x600
                0x20000080                . = ALIGN (0x4)
                0x20000080                PROVIDE (end, .)
                [!provide]                PROVIDE (_end, .)
                0x20000280                . = (. + _Min_Heap_Size)
 *fill*         0x20000080      0x200 
                0x20000680                . = (. + _Min_Stack_Size)
 *fill*         0x20000280      0x400 
                0x20000680                . = ALIGN (0x4)

/DISCARD/
 libc.a(*)
 libm.a(*)
 libgcc.a(*)

.ARM.attributes
                0x00000000       0x30
 *(.ARM.attributes)
 .ARM.attributes
                0x00000000       0x22 c:/program files (x86)/atollic/truestudio for stm32 9.3.0/armtools/bin/../lib/gcc/arm-atollic-eabi/6.3.1/armv7e-m/fpu/crti.o
 .ARM.attributes
                0x00000022       0x34 c:/program files (x86)/atollic/truestudio for stm32 9.3.0/armtools/bin/../lib/gcc/arm-atollic-eabi/6.3.1/armv7e-m/fpu/crtbegin.o
 .ARM.attributes
                0x00000056       0x39 Core\Src\i2c-lcd.o
 .ARM.attributes
                0x0000008f       0x39 Core\Src\main.o
 .ARM.attributes
                0x000000c8       0x39 Core\Src\stm32f4xx_hal_msp.o
 .ARM.attributes
                0x00000101       0x39 Core\Src\stm32f4xx_it.o
 .ARM.attributes
                0x0000013a       0x39 Core\Src\system_stm32f4xx.o
 .ARM.attributes
                0x00000173       0x39 Drivers\STM32F4xx_HAL_Driver\Src\stm32f4xx_hal.o
 .ARM.attributes
                0x000001ac       0x39 Drivers\STM32F4xx_HAL_Driver\Src\stm32f4xx_hal_cortex.o
 .ARM.attributes
                0x000001e5       0x39 Drivers\STM32F4xx_HAL_Driver\Src\stm32f4xx_hal_gpio.o
 .ARM.attributes
                0x0000021e       0x39 Drivers\STM32F4xx_HAL_Driver\Src\stm32f4xx_hal_i2c.o
 .ARM.attributes
                0x00000257       0x39 Drivers\STM32F4xx_HAL_Driver\Src\stm32f4xx_hal_rcc.o
 .ARM.attributes
                0x00000290       0x21 startup\startup_stm32f407xx.o
 .ARM.attributes
                0x000002b1       0x34 c:/program files (x86)/atollic/truestudio for stm32 9.3.0/armtools/bin/../lib/gcc/arm-atollic-eabi/6.3.1/../../../../arm-atollic-eabi/lib/armv7e-m/fpu\libc_nano.a(lib_a-init.o)
 .ARM.attributes
                0x000002e5       0x34 c:/program files (x86)/atollic/truestudio for stm32 9.3.0/armtools/bin/../lib/gcc/arm-atollic-eabi/6.3.1/../../../../arm-atollic-eabi/lib/armv7e-m/fpu\libc_nano.a(lib_a-memset.o)
 .ARM.attributes
                0x00000319       0x22 c:/program files (x86)/atollic/truestudio for stm32 9.3.0/armtools/bin/../lib/gcc/arm-atollic-eabi/6.3.1/armv7e-m/fpu\libgcc.a(_aeabi_uldivmod.o)
 .ARM.attributes
                0x0000033b       0x34 c:/program files (x86)/atollic/truestudio for stm32 9.3.0/armtools/bin/../lib/gcc/arm-atollic-eabi/6.3.1/armv7e-m/fpu\libgcc.a(_udivmoddi4.o)
 .ARM.attributes
                0x0000036f       0x22 c:/program files (x86)/atollic/truestudio for stm32 9.3.0/armtools/bin/../lib/gcc/arm-atollic-eabi/6.3.1/armv7e-m/fpu\libgcc.a(_dvmd_tls.o)
 .ARM.attributes
                0x00000391       0x22 c:/program files (x86)/atollic/truestudio for stm32 9.3.0/armtools/bin/../lib/gcc/arm-atollic-eabi/6.3.1/armv7e-m/fpu/crtn.o
OUTPUT(010_HAL_I2C_LCD.elf elf32-littlearm)

.debug_info     0x00000000     0x6b99
 .debug_info    0x00000000      0x318 Core\Src\i2c-lcd.o
 .debug_info    0x00000318      0xa7c Core\Src\main.o
 .debug_info    0x00000d94      0x9ce Core\Src\stm32f4xx_hal_msp.o
 .debug_info    0x00001762      0x20c Core\Src\stm32f4xx_it.o
 .debug_info    0x0000196e      0x556 Core\Src\system_stm32f4xx.o
 .debug_info    0x00001ec4      0x944 Drivers\STM32F4xx_HAL_Driver\Src\stm32f4xx_hal.o
 .debug_info    0x00002808      0xe28 Drivers\STM32F4xx_HAL_Driver\Src\stm32f4xx_hal_cortex.o
 .debug_info    0x00003630      0x7c3 Drivers\STM32F4xx_HAL_Driver\Src\stm32f4xx_hal_gpio.o
 .debug_info    0x00003df3     0x243b Drivers\STM32F4xx_HAL_Driver\Src\stm32f4xx_hal_i2c.o
 .debug_info    0x0000622e      0x903 Drivers\STM32F4xx_HAL_Driver\Src\stm32f4xx_hal_rcc.o
 .debug_info    0x00006b31       0x68 startup\startup_stm32f407xx.o

.debug_abbrev   0x00000000     0x11b7
 .debug_abbrev  0x00000000      0x126 Core\Src\i2c-lcd.o
 .debug_abbrev  0x00000126      0x207 Core\Src\main.o
 .debug_abbrev  0x0000032d      0x187 Core\Src\stm32f4xx_hal_msp.o
 .debug_abbrev  0x000004b4       0xc1 Core\Src\stm32f4xx_it.o
 .debug_abbrev  0x00000575      0x126 Core\Src\system_stm32f4xx.o
 .debug_abbrev  0x0000069b      0x1c2 Drivers\STM32F4xx_HAL_Driver\Src\stm32f4xx_hal.o
 .debug_abbrev  0x0000085d      0x2f5 Drivers\STM32F4xx_HAL_Driver\Src\stm32f4xx_hal_cortex.o
 .debug_abbrev  0x00000b52      0x1c4 Drivers\STM32F4xx_HAL_Driver\Src\stm32f4xx_hal_gpio.o
 .debug_abbrev  0x00000d16      0x24f Drivers\STM32F4xx_HAL_Driver\Src\stm32f4xx_hal_i2c.o
 .debug_abbrev  0x00000f65      0x240 Drivers\STM32F4xx_HAL_Driver\Src\stm32f4xx_hal_rcc.o
 .debug_abbrev  0x000011a5       0x12 startup\startup_stm32f407xx.o

.debug_aranges  0x00000000      0x6e8
 .debug_aranges
                0x00000000       0x38 Core\Src\i2c-lcd.o
 .debug_aranges
                0x00000038       0x48 Core\Src\main.o
 .debug_aranges
                0x00000080       0x30 Core\Src\stm32f4xx_hal_msp.o
 .debug_aranges
                0x000000b0       0x60 Core\Src\stm32f4xx_it.o
 .debug_aranges
                0x00000110       0x28 Core\Src\system_stm32f4xx.o
 .debug_aranges
                0x00000138       0xf0 Drivers\STM32F4xx_HAL_Driver\Src\stm32f4xx_hal.o
 .debug_aranges
                0x00000228      0x118 Drivers\STM32F4xx_HAL_Driver\Src\stm32f4xx_hal_cortex.o
 .debug_aranges
                0x00000340       0x58 Drivers\STM32F4xx_HAL_Driver\Src\stm32f4xx_hal_gpio.o
 .debug_aranges
                0x00000398      0x2a0 Drivers\STM32F4xx_HAL_Driver\Src\stm32f4xx_hal_i2c.o
 .debug_aranges
                0x00000638       0x88 Drivers\STM32F4xx_HAL_Driver\Src\stm32f4xx_hal_rcc.o
 .debug_aranges
                0x000006c0       0x28 startup\startup_stm32f407xx.o

.debug_ranges   0x00000000      0x668
 .debug_ranges  0x00000000       0x28 Core\Src\i2c-lcd.o
 .debug_ranges  0x00000028       0x38 Core\Src\main.o
 .debug_ranges  0x00000060       0x20 Core\Src\stm32f4xx_hal_msp.o
 .debug_ranges  0x00000080       0x50 Core\Src\stm32f4xx_it.o
 .debug_ranges  0x000000d0       0x18 Core\Src\system_stm32f4xx.o
 .debug_ranges  0x000000e8       0xe0 Drivers\STM32F4xx_HAL_Driver\Src\stm32f4xx_hal.o
 .debug_ranges  0x000001c8      0x108 Drivers\STM32F4xx_HAL_Driver\Src\stm32f4xx_hal_cortex.o
 .debug_ranges  0x000002d0       0x48 Drivers\STM32F4xx_HAL_Driver\Src\stm32f4xx_hal_gpio.o
 .debug_ranges  0x00000318      0x2b8 Drivers\STM32F4xx_HAL_Driver\Src\stm32f4xx_hal_i2c.o
 .debug_ranges  0x000005d0       0x78 Drivers\STM32F4xx_HAL_Driver\Src\stm32f4xx_hal_rcc.o
 .debug_ranges  0x00000648       0x20 startup\startup_stm32f407xx.o

.debug_line     0x00000000     0x3633
 .debug_line    0x00000000      0x22c Core\Src\i2c-lcd.o
 .debug_line    0x0000022c      0x2e8 Core\Src\main.o
 .debug_line    0x00000514      0x277 Core\Src\stm32f4xx_hal_msp.o
 .debug_line    0x0000078b      0x26f Core\Src\stm32f4xx_it.o
 .debug_line    0x000009fa      0x20e Core\Src\system_stm32f4xx.o
 .debug_line    0x00000c08      0x41f Drivers\STM32F4xx_HAL_Driver\Src\stm32f4xx_hal.o
 .debug_line    0x00001027      0x553 Drivers\STM32F4xx_HAL_Driver\Src\stm32f4xx_hal_cortex.o
 .debug_line    0x0000157a      0x404 Drivers\STM32F4xx_HAL_Driver\Src\stm32f4xx_hal_gpio.o
 .debug_line    0x0000197e     0x1770 Drivers\STM32F4xx_HAL_Driver\Src\stm32f4xx_hal_i2c.o
 .debug_line    0x000030ee      0x4c4 Drivers\STM32F4xx_HAL_Driver\Src\stm32f4xx_hal_rcc.o
 .debug_line    0x000035b2       0x81 startup\startup_stm32f407xx.o

.debug_str      0x00000000     0x2419
 .debug_str     0x00000000      0x31e Core\Src\i2c-lcd.o
                                0x375 (size before relaxing)
 .debug_str     0x0000031e      0x6d1 Core\Src\main.o
                                0xa11 (size before relaxing)
 .debug_str     0x000009ef       0xb5 Core\Src\stm32f4xx_hal_msp.o
                                0x90e (size before relaxing)
 .debug_str     0x00000aa4       0xab Core\Src\stm32f4xx_it.o
                                0x31c (size before relaxing)
 .debug_str     0x00000b4f       0xaf Core\Src\system_stm32f4xx.o
                                0x41c (size before relaxing)
 .debug_str     0x00000bfe      0x7b3 Drivers\STM32F4xx_HAL_Driver\Src\stm32f4xx_hal.o
                                0xb69 (size before relaxing)
 .debug_str     0x000013b1      0x499 Drivers\STM32F4xx_HAL_Driver\Src\stm32f4xx_hal_cortex.o
                                0xced (size before relaxing)
 .debug_str     0x0000184a      0x174 Drivers\STM32F4xx_HAL_Driver\Src\stm32f4xx_hal_gpio.o
                                0x5b3 (size before relaxing)
 .debug_str     0x000019be      0x8ad Drivers\STM32F4xx_HAL_Driver\Src\stm32f4xx_hal_i2c.o
                               0x108e (size before relaxing)
 .debug_str     0x0000226b      0x1ae Drivers\STM32F4xx_HAL_Driver\Src\stm32f4xx_hal_rcc.o
                                0x76a (size before relaxing)

.comment        0x00000000       0x7c
 .comment       0x00000000       0x7c Core\Src\i2c-lcd.o
                                 0x7d (size before relaxing)
 .comment       0x0000007c       0x7d Core\Src\main.o
 .comment       0x0000007c       0x7d Core\Src\stm32f4xx_hal_msp.o
 .comment       0x0000007c       0x7d Core\Src\stm32f4xx_it.o
 .comment       0x0000007c       0x7d Core\Src\system_stm32f4xx.o
 .comment       0x0000007c       0x7d Drivers\STM32F4xx_HAL_Driver\Src\stm32f4xx_hal.o
 .comment       0x0000007c       0x7d Drivers\STM32F4xx_HAL_Driver\Src\stm32f4xx_hal_cortex.o
 .comment       0x0000007c       0x7d Drivers\STM32F4xx_HAL_Driver\Src\stm32f4xx_hal_gpio.o
 .comment       0x0000007c       0x7d Drivers\STM32F4xx_HAL_Driver\Src\stm32f4xx_hal_i2c.o
 .comment       0x0000007c       0x7d Drivers\STM32F4xx_HAL_Driver\Src\stm32f4xx_hal_rcc.o

.debug_frame    0x00000000     0x1b98
 .debug_frame   0x00000000       0x98 Core\Src\i2c-lcd.o
 .debug_frame   0x00000098       0xcc Core\Src\main.o
 .debug_frame   0x00000164       0x80 Core\Src\stm32f4xx_hal_msp.o
 .debug_frame   0x000001e4      0x104 Core\Src\stm32f4xx_it.o
 .debug_frame   0x000002e8       0x58 Core\Src\system_stm32f4xx.o
 .debug_frame   0x00000340      0x374 Drivers\STM32F4xx_HAL_Driver\Src\stm32f4xx_hal.o
 .debug_frame   0x000006b4      0x498 Drivers\STM32F4xx_HAL_Driver\Src\stm32f4xx_hal_cortex.o
 .debug_frame   0x00000b4c      0x14c Drivers\STM32F4xx_HAL_Driver\Src\stm32f4xx_hal_gpio.o
 .debug_frame   0x00000c98      0xc5c Drivers\STM32F4xx_HAL_Driver\Src\stm32f4xx_hal_i2c.o
 .debug_frame   0x000018f4      0x1f8 Drivers\STM32F4xx_HAL_Driver\Src\stm32f4xx_hal_rcc.o
 .debug_frame   0x00001aec       0x2c c:/program files (x86)/atollic/truestudio for stm32 9.3.0/armtools/bin/../lib/gcc/arm-atollic-eabi/6.3.1/../../../../arm-atollic-eabi/lib/armv7e-m/fpu\libc_nano.a(lib_a-init.o)
 .debug_frame   0x00001b18       0x20 c:/program files (x86)/atollic/truestudio for stm32 9.3.0/armtools/bin/../lib/gcc/arm-atollic-eabi/6.3.1/../../../../arm-atollic-eabi/lib/armv7e-m/fpu\libc_nano.a(lib_a-memset.o)
 .debug_frame   0x00001b38       0x2c c:/program files (x86)/atollic/truestudio for stm32 9.3.0/armtools/bin/../lib/gcc/arm-atollic-eabi/6.3.1/armv7e-m/fpu\libgcc.a(_aeabi_uldivmod.o)
 .debug_frame   0x00001b64       0x34 c:/program files (x86)/atollic/truestudio for stm32 9.3.0/armtools/bin/../lib/gcc/arm-atollic-eabi/6.3.1/armv7e-m/fpu\libgcc.a(_udivmoddi4.o)
