13:54:30 **** Incremental Build of configuration Debug for project 009_STD_UART_RECEIVER ****
Info: Internal Builder is used for build
arm-atollic-eabi-gcc -c ..\src\main.c -mthumb -mcpu=cortex-m4 -mfloat-abi=hard -mfpu=fpv4-sp-d16 -std=gnu11 -DSTM32F4XX -DSTM32F40XX -DUSE_STDPERIPH_DRIVER -DUSE_STM32F4_DISCOVERY -DHSE_VALUE=8000000 -I../src -I../Libraries/CMSIS/Include -I../Libraries/Device/STM32F4xx/Include -I../Libraries/STM32F4xx_StdPeriph_Driver/inc -I../Utilities/STM32F4-Discovery -O0 -ffunction-sections -fdata-sections -g -fstack-usage -Wall -specs=nano.specs -o src\main.o 
..\src\main.c: In function 'USART_Puts':
..\src\main.c:27:2: warning: this 'while' clause does not guard... [-Wmisleading-indentation]
  while(!(USART2->SR & 0x00000040));
  ^~~~~
..\src\main.c:29:3: note: ...this statement, but the latter is misleadingly indented as if it is guarded by the 'while'
   USART_SendData(USARTx, *s);
   ^~~~~~~~~~~~~~
..\src\main.c:29:18: warning: passing argument 1 of 'USART_SendData' from incompatible pointer type [-Wincompatible-pointer-types]
   USART_SendData(USARTx, *s);
                  ^~~~~~
In file included from ../src/stm32f4xx_conf.h:57:0,
                 from ../Libraries/Device/STM32F4xx/Include/stm32f4xx.h:7116,
                 from ..\src\main.c:2:
../Libraries/STM32F4xx_StdPeriph_Driver/inc/stm32f4xx_usart.h:382:6: note: expected 'USART_TypeDef * {aka struct <anonymous> *}' but argument is of type 'USART_InitTypeDef * {aka struct <anonymous> *}'
 void USART_SendData(USART_TypeDef* USARTx, uint16_t Data);
      ^~~~~~~~~~~~~~
In file included from ..\src\main.c:2:0:
..\src\main.c: In function 'USART2_IRQHandler':
../Libraries/Device/STM32F4xx/Include/stm32f4xx.h:1213:29: warning: passing argument 1 of 'USART_Puts' from incompatible pointer type [-Wincompatible-pointer-types]
 #define USART2              ((USART_TypeDef *) USART2_BASE)
                             ^
..\src\main.c:74:15: note: in expansion of macro 'USART2'
    USART_Puts(USART2, rx_buff);
               ^~~~~~
..\src\main.c:23:6: note: expected 'USART_InitTypeDef * {aka struct <anonymous> *}' but argument is of type 'USART_TypeDef * {aka struct <anonymous> *}'
 void USART_Puts(USART_InitTypeDef* USARTx, volatile char *s)
      ^~~~~~~~~~
arm-atollic-eabi-gcc -o 009_STD_UART_RECEIVER.elf Libraries\STM32F4xx_StdPeriph_Driver\src\misc.o Libraries\STM32F4xx_StdPeriph_Driver\src\stm32f4xx_adc.o Libraries\STM32F4xx_StdPeriph_Driver\src\stm32f4xx_can.o Libraries\STM32F4xx_StdPeriph_Driver\src\stm32f4xx_crc.o Libraries\STM32F4xx_StdPeriph_Driver\src\stm32f4xx_cryp.o Libraries\STM32F4xx_StdPeriph_Driver\src\stm32f4xx_cryp_aes.o Libraries\STM32F4xx_StdPeriph_Driver\src\stm32f4xx_cryp_des.o Libraries\STM32F4xx_StdPeriph_Driver\src\stm32f4xx_cryp_tdes.o Libraries\STM32F4xx_StdPeriph_Driver\src\stm32f4xx_dac.o Libraries\STM32F4xx_StdPeriph_Driver\src\stm32f4xx_dbgmcu.o Libraries\STM32F4xx_StdPeriph_Driver\src\stm32f4xx_dcmi.o Libraries\STM32F4xx_StdPeriph_Driver\src\stm32f4xx_dma.o Libraries\STM32F4xx_StdPeriph_Driver\src\stm32f4xx_exti.o Libraries\STM32F4xx_StdPeriph_Driver\src\stm32f4xx_flash.o Libraries\STM32F4xx_StdPeriph_Driver\src\stm32f4xx_fsmc.o Libraries\STM32F4xx_StdPeriph_Driver\src\stm32f4xx_gpio.o Libraries\STM32F4xx_StdPeriph_Driver\src\stm32f4xx_hash.o Libraries\STM32F4xx_StdPeriph_Driver\src\stm32f4xx_hash_md5.o Libraries\STM32F4xx_StdPeriph_Driver\src\stm32f4xx_hash_sha1.o Libraries\STM32F4xx_StdPeriph_Driver\src\stm32f4xx_i2c.o Libraries\STM32F4xx_StdPeriph_Driver\src\stm32f4xx_iwdg.o Libraries\STM32F4xx_StdPeriph_Driver\src\stm32f4xx_pwr.o Libraries\STM32F4xx_StdPeriph_Driver\src\stm32f4xx_rcc.o Libraries\STM32F4xx_StdPeriph_Driver\src\stm32f4xx_rng.o Libraries\STM32F4xx_StdPeriph_Driver\src\stm32f4xx_rtc.o Libraries\STM32F4xx_StdPeriph_Driver\src\stm32f4xx_sdio.o Libraries\STM32F4xx_StdPeriph_Driver\src\stm32f4xx_spi.o Libraries\STM32F4xx_StdPeriph_Driver\src\stm32f4xx_syscfg.o Libraries\STM32F4xx_StdPeriph_Driver\src\stm32f4xx_tim.o Libraries\STM32F4xx_StdPeriph_Driver\src\stm32f4xx_usart.o Libraries\STM32F4xx_StdPeriph_Driver\src\stm32f4xx_wwdg.o Utilities\STM32F4-Discovery\stm32f4_discovery.o Utilities\STM32F4-Discovery\stm32f4_discovery_audio_codec.o Utilities\STM32F4-Discovery\stm32f4_discovery_lis302dl.o src\main.o src\startup_stm32f40xx.o src\stm32f4xx_it.o src\system_stm32f4xx.o src\tiny_printf.o -mthumb -mcpu=cortex-m4 -mfloat-abi=hard -mfpu=fpv4-sp-d16 -T../stm32f4_flash.ld -specs=nosys.specs -static -Wl,-cref,-u,Reset_Handler -Wl,-Map=009_STD_UART_RECEIVER.map -Wl,--gc-sections -Wl,--defsym=malloc_getpagesize_P=0x80 -Wl,--start-group -lc -lm -Wl,--end-group -specs=nano.specs 
C:\Program Files (x86)\Atollic\TrueSTUDIO for STM32 9.3.0\ide\jre\bin\java -jar C:\Program Files (x86)\Atollic\TrueSTUDIO for STM32 9.3.0\Tools\arm-atollic-reports.jar sizeinfo list 009_STD_UART_RECEIVER.elf 
Generate build reports...
Print size information
   text	   data	    bss	    dec	    hex	filename
   4456	     40	   1260	   5756	   167c	009_STD_UART_RECEIVER.elf
Print size information done
Generate listing file
Output sent to: 009_STD_UART_RECEIVER.list
Generate listing file done
Generate build reports done

13:54:31 Build Finished (took 591ms)

